{"level":"info","message":"⌛ Validating pepita.wlk","timeElapsed":380,"timestamp":"2026-08-17T12:57:03.458Z"}
{"level":"info","message":"⌛ Validating pepita.wlk","timeElapsed":435,"timestamp":"2026-08-17T12:57:04.012Z"}
{"level":"info","message":"⌛ Building environment","timeElapsed":306,"timestamp":"2026-08-17T12:57:04.323Z"}
{"level":"info","message":"⌛ Validating pepita.wlk","timeElapsed":360,"timestamp":"2026-08-17T12:57:04.719Z"}
{"level":"info","message":"⌛ Validating pepita.wlk","timeElapsed":353,"timestamp":"2026-08-17T12:57:05.074Z"}
{"level":"info","message":"⌛ Validating pepita.wlk","timeElapsed":371,"timestamp":"2026-08-17T12:57:05.446Z"}
{"level":"info","message":"⌛ Validating pepita.wlk","timeElapsed":316,"timestamp":"2026-08-17T12:57:05.765Z"}
{"level":"info","message":"⌛ Validating pepita.wlk","timeElapsed":320,"timestamp":"2026-08-17T12:57:06.095Z"}
{"level":"info","message":"⌛ Validating pepita.wlk","timeElapsed":532,"timestamp":"2026-08-17T12:57:06.639Z"}
{"level":"info","message":"⌛ Validating pepita.wlk","timeElapsed":525,"timestamp":"2026-08-17T12:57:07.172Z"}
{"level":"info","message":"⌛ Validating pepita.wlk","timeElapsed":1597,"timestamp":"2026-08-17T12:57:09.386Z"}
{"level":"info","message":"⌛ Building environment","timeElapsed":775,"timestamp":"2026-08-17T13:01:14.897Z"}
{"level":"info","message":"⌛ Building environment","timeElapsed":402,"timestamp":"2026-08-17T13:01:15.307Z"}
{"level":"info","message":"⌛ Building environment","timeElapsed":330,"timestamp":"2026-08-17T13:01:15.804Z"}
{"level":"info","message":"⌛ Validating pepita.wlk","timeElapsed":511,"timestamp":"2026-08-17T13:01:16.397Z"}
{"level":"info","message":"⌛ Validating pepita.wlk","timeElapsed":351,"timestamp":"2026-08-17T13:01:16.761Z"}
{"level":"info","message":"⌛ Validating pepita.wlk","timeElapsed":442,"timestamp":"2026-08-17T13:01:17.204Z"}
{"level":"info","message":"⌛ Building environment","timeElapsed":725,"timestamp":"2026-08-17T13:01:19.610Z"}
{"level":"info","message":"⌛ Building environment","timeElapsed":631,"timestamp":"2026-08-17T13:01:20.242Z"}
{"level":"info","message":"⌛ Building environment","timeElapsed":424,"timestamp":"2026-08-17T13:01:20.696Z"}
{"level":"info","message":"⌛ Validating pepita.wlk","timeElapsed":621,"timestamp":"2026-08-17T13:01:21.544Z"}
{"level":"info","message":"⌛ Validating pepita.wlk","timeElapsed":712,"timestamp":"2026-08-17T13:01:22.269Z"}
{"level":"info","message":"⌛ Validating pepita.wlk","timeElapsed":773,"timestamp":"2026-08-17T13:01:23.045Z"}
{"level":"info","message":"⌛ Building environment","timeElapsed":342,"timestamp":"2026-08-17T13:01:23.397Z"}
{"level":"info","message":"⌛ Building environment","timeElapsed":243,"timestamp":"2026-08-17T13:01:23.717Z"}
{"level":"info","message":"⌛ Building environment","timeElapsed":212,"timestamp":"2026-08-17T13:01:23.975Z"}
{"level":"info","message":"⌛ Validating pepita.wlk","timeElapsed":358,"timestamp":"2026-08-17T13:01:24.379Z"}
{"level":"info","message":"⌛ Validating pepita.wlk","timeElapsed":443,"timestamp":"2026-08-17T13:01:24.829Z"}
{"level":"info","message":"⌛ Validating pepita.wlk","timeElapsed":446,"timestamp":"2026-08-17T13:01:25.288Z"}
{"level":"info","message":"⌛ Building environment","timeElapsed":922,"timestamp":"2026-08-17T13:03:29.058Z"}
{"level":"info","message":"⌛ Building environment","timeElapsed":1482,"timestamp":"2026-08-17T13:03:30.831Z"}
{"level":"info","message":"⌛ Building environment","timeElapsed":783,"timestamp":"2026-08-17T13:03:31.616Z"}
{"level":"info","message":"⌛ Building environment","timeElapsed":994,"timestamp":"2026-08-17T13:03:32.657Z"}
{"level":"info","message":"⌛ Building environment","timeElapsed":691,"timestamp":"2026-08-17T13:03:33.355Z"}
{"level":"info","message":"⌛ Building environment","timeElapsed":413,"timestamp":"2026-08-17T13:03:33.801Z"}
{"level":"info","message":"⌛ Building environment","timeElapsed":432,"timestamp":"2026-08-17T13:03:34.239Z"}
{"level":"info","message":"⌛ Building environment","timeElapsed":1690,"timestamp":"2026-08-17T13:03:35.979Z"}
{"level":"info","message":"⌛ Building environment","timeElapsed":340,"timestamp":"2026-08-17T13:03:36.394Z"}
{"level":"info","message":"⌛ Building environment","timeElapsed":640,"timestamp":"2026-08-17T13:03:37.042Z"}
{"level":"info","message":"⌛ Building environment","timeElapsed":412,"timestamp":"2026-08-17T13:03:37.455Z"}
{"level":"info","message":"⌛ Building environment","timeElapsed":335,"timestamp":"2026-08-17T13:03:37.801Z"}
{"level":"info","message":"⌛ Building environment","timeElapsed":452,"timestamp":"2026-08-17T13:03:38.269Z"}
{"level":"info","message":"⌛ Validating pepita.wlk","timeElapsed":783,"timestamp":"2026-08-17T13:03:39.098Z"}
{"level":"info","message":"⌛ Building environment","timeElapsed":597,"timestamp":"2026-08-17T13:03:39.763Z"}
{"level":"info","message":"⌛ Building environment","timeElapsed":1277,"timestamp":"2026-08-17T13:03:41.096Z"}
{"level":"info","message":"⌛ Building environment","timeElapsed":422,"timestamp":"2026-08-17T13:03:41.554Z"}
{"level":"info","message":"⌛ Building environment","timeElapsed":476,"timestamp":"2026-08-17T13:03:42.093Z"}
{"level":"info","message":"⌛ Building environment","timeElapsed":739,"timestamp":"2026-08-17T13:03:42.904Z"}
{"level":"info","message":"⌛ Building environment","timeElapsed":700,"timestamp":"2026-08-17T13:03:43.718Z"}
{"level":"info","message":"⌛ Autocomplete - Field","timeElapsed":119,"timestamp":"2026-08-17T13:03:43.958Z"}
{"level":"info","message":"⌛ Validating pepita.wlk","timeElapsed":817,"timestamp":"2026-08-17T13:03:44.777Z"}
{"level":"info","message":"⌛ Validating pepita.wlk","timeElapsed":1505,"timestamp":"2026-08-17T13:03:46.284Z"}
{"level":"info","message":"⌛ Validating pepita.wlk","timeElapsed":974,"timestamp":"2026-08-17T13:03:47.262Z"}
{"level":"info","message":"⌛ Validating pepita.wlk","timeElapsed":986,"timestamp":"2026-08-17T13:03:48.252Z"}
{"level":"info","message":"⌛ Validating pepita.wlk","timeElapsed":1972,"timestamp":"2026-08-17T13:03:50.255Z"}
{"level":"info","message":"⌛ Validating pepita.wlk","timeElapsed":1677,"timestamp":"2026-08-17T13:03:51.949Z"}
{"level":"info","message":"⌛ Validating pepita.wlk","timeElapsed":1759,"timestamp":"2026-08-17T13:03:53.886Z"}
{"level":"info","message":"⌛ Validating pepita.wlk","timeElapsed":834,"timestamp":"2026-08-17T13:03:55.121Z"}
{"level":"info","message":"⌛ Validating pepita.wlk","timeElapsed":1388,"timestamp":"2026-08-17T13:03:56.805Z"}
{"level":"info","message":"⌛ Validating pepita.wlk","timeElapsed":893,"timestamp":"2026-08-17T13:03:57.712Z"}
{"level":"info","message":"⌛ Validating pepita.wlk","timeElapsed":769,"timestamp":"2026-08-17T13:03:58.516Z"}
{"level":"info","message":"⌛ Validating pepita.wlk","timeElapsed":608,"timestamp":"2026-08-17T13:03:59.328Z"}
{"level":"info","message":"⌛ Building environment","timeElapsed":835,"timestamp":"2026-08-17T13:04:00.168Z"}
{"level":"info","message":"⌛ Building environment","timeElapsed":369,"timestamp":"2026-08-17T13:04:00.589Z"}
{"level":"info","message":"⌛ Building environment","timeElapsed":326,"timestamp":"2026-08-17T13:04:00.965Z"}
{"level":"info","message":"⌛ Building environment","timeElapsed":383,"timestamp":"2026-08-17T13:04:01.412Z"}
{"level":"info","message":"⌛ Building environment","timeElapsed":336,"timestamp":"2026-08-17T13:04:01.796Z"}
{"level":"info","message":"⌛ Building environment","timeElapsed":551,"timestamp":"2026-08-17T13:04:02.385Z"}
{"level":"info","message":"⌛ Building environment","timeElapsed":389,"timestamp":"2026-08-17T13:04:02.855Z"}
{"level":"info","message":"⌛ Building environment","timeElapsed":842,"timestamp":"2026-08-17T13:04:03.735Z"}
{"level":"info","message":"⌛ Building environment","timeElapsed":300,"timestamp":"2026-08-17T13:04:04.105Z"}
{"level":"info","message":"⌛ Building environment","timeElapsed":296,"timestamp":"2026-08-17T13:04:04.466Z"}
{"level":"info","message":"⌛ Building environment","timeElapsed":283,"timestamp":"2026-08-17T13:04:04.784Z"}
{"level":"info","message":"⌛ Building environment","timeElapsed":349,"timestamp":"2026-08-17T13:04:05.179Z"}
{"level":"info","message":"⌛ Building environment","timeElapsed":372,"timestamp":"2026-08-17T13:04:05.583Z"}
{"level":"info","message":"⌛ Building environment","timeElapsed":418,"timestamp":"2026-08-17T13:04:06.067Z"}
{"level":"info","message":"⌛ Building environment","timeElapsed":480,"timestamp":"2026-08-17T13:04:06.681Z"}
{"level":"info","message":"⌛ Building environment","timeElapsed":1514,"timestamp":"2026-08-17T13:04:08.297Z"}
{"level":"info","message":"⌛ Building environment","timeElapsed":752,"timestamp":"2026-08-17T13:04:09.092Z"}
{"level":"info","message":"⌛ Building environment","timeElapsed":2170,"timestamp":"2026-08-17T13:04:11.323Z"}
{"level":"info","message":"⌛ Building environment","timeElapsed":899,"timestamp":"2026-08-17T13:04:12.229Z"}
{"level":"error","message":"✘ Completions for node Return ([25:9, 25:35] - pepita.wlk) failed: Error: [Return]{dcf43a} at pepita.wlk:25 exhausted all cases without a match [Return]{dcf43a} at pepita.wlk:25 exhausted all cases without a match","stack":"Error: [Return]{dcf43a} at pepita.wlk:25 exhausted all cases without a match\n    at c:\\Users\\lukas\\.vscode\\extensions\\uqbar.wollok-lsp-ide-0.5.4\\out\\server\\src\\server.js:38:6142\n    at L2 (c:\\Users\\lukas\\.vscode\\extensions\\uqbar.wollok-lsp-ide-0.5.4\\out\\server\\src\\server.js:2389:42)\n    at Jh (c:\\Users\\lukas\\.vscode\\extensions\\uqbar.wollok-lsp-ide-0.5.4\\out\\server\\src\\server.js:2389:1092)\n    at M5n (c:\\Users\\lukas\\.vscode\\extensions\\uqbar.wollok-lsp-ide-0.5.4\\out\\server\\src\\server.js:2389:1248)\n    at c:\\Users\\lukas\\.vscode\\extensions\\uqbar.wollok-lsp-ide-0.5.4\\out\\server\\src\\server.js:38:6131\n    at L2 (c:\\Users\\lukas\\.vscode\\extensions\\uqbar.wollok-lsp-ide-0.5.4\\out\\server\\src\\server.js:2389:42)\n    at c:\\Users\\lukas\\.vscode\\extensions\\uqbar.wollok-lsp-ide-0.5.4\\out\\server\\src\\server.js:2389:2988\n    at c:\\Users\\lukas\\.vscode\\extensions\\uqbar.wollok-lsp-ide-0.5.4\\out\\server\\src\\server.js:2398:8440\n    at c:\\Users\\lukas\\.vscode\\extensions\\uqbar.wollok-lsp-ide-0.5.4\\out\\server\\src\\server.js:37:74872\n    at Ke (c:\\Users\\lukas\\.vscode\\extensions\\uqbar.wollok-lsp-ide-0.5.4\\out\\server\\src\\server.js:7:8527)","timestamp":"2026-08-17T13:04:12.499Z"}
{"level":"info","message":"⌛ Autocomplete - Reference","timeElapsed":123,"timestamp":"2026-08-17T13:04:12.511Z"}
{"level":"info","message":"⌛ Building environment","timeElapsed":468,"timestamp":"2026-08-17T13:04:13.311Z"}
{"level":"error","message":"✘ Failed to rebuild document Failed to parse pepita.wlk: \n-- PARSING FAILED --------------------------------------------------\n\n  22 |     }\n  23 | \n> 24 |    method (){\n     |           ^\n  25 |         return cantidadCenasPepita\n  26 |     }\n\nExpected one of the following: \n\n'!=', '!==', '%', '&&', '*', '**', '+', '-', '->', '..', '..<', '/', '<', '<<', '<<<', '<=', '<=>', '<>', '==', '===', '>', '>..', '>=', '>>', '>>>', '?:', 'and', 'invert', 'negate', 'or', 'plus', '||', identifier, whitespace\n","stack":"Error: Failed to parse pepita.wlk: \n-- PARSING FAILED --------------------------------------------------\n\n  22 |     }\n  23 | \n> 24 |    method (){\n     |           ^\n  25 |         return cantidadCenasPepita\n  26 |     }\n\nExpected one of the following: \n\n'!=', '!==', '%', '&&', '*', '**', '+', '-', '->', '..', '..<', '/', '<', '<<', '<<<', '<=', '<=>', '<>', '==', '===', '>', '>..', '>=', '>>', '>>>', '?:', 'and', 'invert', 'negate', 'or', 'plus', '||', identifier, whitespace\n\n    at c:\\Users\\lukas\\.vscode\\extensions\\uqbar.wollok-lsp-ide-0.5.4\\out\\server\\src\\server.js:2353:13026\n    at Array.map (<anonymous>)\n    at U1n (c:\\Users\\lukas\\.vscode\\extensions\\uqbar.wollok-lsp-ide-0.5.4\\out\\server\\src\\server.js:2353:12950)\n    at H2.buildEnvironmentFrom (c:\\Users\\lukas\\.vscode\\extensions\\uqbar.wollok-lsp-ide-0.5.4\\out\\server\\src\\server.js:2398:5254)\n    at H2.updateEnvironmentWith (c:\\Users\\lukas\\.vscode\\extensions\\uqbar.wollok-lsp-ide-0.5.4\\out\\server\\src\\server.js:2398:4989)\n    at GF (c:\\Users\\lukas\\.vscode\\extensions\\uqbar.wollok-lsp-ide-0.5.4\\out\\server\\src\\server.js:2398:7383)\n    at V3.invoke (c:\\Users\\lukas\\.vscode\\extensions\\uqbar.wollok-lsp-ide-0.5.4\\out\\server\\src\\server.js:3:157328)\n    at o.fire (c:\\Users\\lukas\\.vscode\\extensions\\uqbar.wollok-lsp-ide-0.5.4\\out\\server\\src\\server.js:3:158098)\n    at c:\\Users\\lukas\\.vscode\\extensions\\uqbar.wollok-lsp-ide-0.5.4\\out\\server\\src\\server.js:37:57871\n    at nd (c:\\Users\\lukas\\.vscode\\extensions\\uqbar.wollok-lsp-ide-0.5.4\\out\\server\\src\\server.js:8:1561)","timestamp":"2026-08-17T13:04:13.480Z"}
{"level":"info","message":"⌛ Building environment","timeElapsed":906,"timestamp":"2026-08-17T13:04:14.402Z"}
{"level":"info","message":"⌛ Building environment","timeElapsed":569,"timestamp":"2026-08-17T13:04:14.981Z"}
{"level":"info","message":"⌛ Building environment","timeElapsed":595,"timestamp":"2026-08-17T13:04:15.627Z"}
{"level":"info","message":"⌛ Building environment","timeElapsed":455,"timestamp":"2026-08-17T13:04:16.133Z"}
{"level":"info","message":"⌛ Building environment","timeElapsed":326,"timestamp":"2026-08-17T13:04:16.502Z"}
{"level":"info","message":"⌛ Building environment","timeElapsed":578,"timestamp":"2026-08-17T13:04:17.121Z"}
{"level":"info","message":"⌛ Building environment","timeElapsed":682,"timestamp":"2026-08-17T13:04:17.845Z"}
{"level":"info","message":"⌛ Building environment","timeElapsed":378,"timestamp":"2026-08-17T13:04:18.292Z"}
{"level":"info","message":"⌛ Building environment","timeElapsed":567,"timestamp":"2026-08-17T13:04:18.929Z"}
{"level":"info","message":"⌛ Building environment","timeElapsed":499,"timestamp":"2026-08-17T13:04:19.668Z"}
{"level":"info","message":"⌛ Building environment","timeElapsed":402,"timestamp":"2026-08-17T13:04:20.130Z"}
{"level":"info","message":"⌛ Building environment","timeElapsed":341,"timestamp":"2026-08-17T13:04:20.529Z"}
{"level":"info","message":"⌛ Building environment","timeElapsed":438,"timestamp":"2026-08-17T13:04:21.013Z"}
{"level":"info","message":"⌛ Building environment","timeElapsed":290,"timestamp":"2026-08-17T13:04:21.350Z"}
{"level":"info","message":"⌛ Building environment","timeElapsed":217,"timestamp":"2026-08-17T13:04:21.603Z"}
{"level":"info","message":"⌛ Validating pepita.wlk","timeElapsed":286,"timestamp":"2026-08-17T13:04:21.950Z"}
{"level":"info","message":"⌛ Validating pepita.wlk","timeElapsed":283,"timestamp":"2026-08-17T13:04:22.392Z"}
{"level":"info","message":"⌛ Validating pepita.wlk","timeElapsed":301,"timestamp":"2026-08-17T13:04:22.695Z"}
{"level":"info","message":"⌛ Validating pepita.wlk","timeElapsed":295,"timestamp":"2026-08-17T13:04:22.995Z"}
{"level":"info","message":"⌛ Validating pepita.wlk","timeElapsed":329,"timestamp":"2026-08-17T13:04:23.375Z"}
{"level":"info","message":"⌛ Validating pepita.wlk","timeElapsed":346,"timestamp":"2026-08-17T13:04:23.725Z"}
{"level":"info","message":"⌛ Building environment","timeElapsed":261,"timestamp":"2026-08-17T13:04:24.046Z"}
{"level":"info","message":"⌛ Validating pepita.wlk","timeElapsed":293,"timestamp":"2026-08-17T13:04:24.419Z"}
{"level":"info","message":"⌛ Validating pepita.wlk","timeElapsed":324,"timestamp":"2026-08-17T13:04:24.748Z"}
{"level":"info","message":"⌛ Validating pepita.wlk","timeElapsed":345,"timestamp":"2026-08-17T13:04:25.093Z"}
{"level":"info","message":"⌛ Validating pepita.wlk","timeElapsed":334,"timestamp":"2026-08-17T13:04:25.434Z"}
{"level":"info","message":"⌛ Validating pepita.wlk","timeElapsed":790,"timestamp":"2026-08-17T13:04:26.232Z"}
{"level":"info","message":"⌛ Validating pepita.wlk","timeElapsed":369,"timestamp":"2026-08-17T13:04:26.615Z"}
{"level":"info","message":"⌛ Validating pepita.wlk","timeElapsed":303,"timestamp":"2026-08-17T13:04:26.924Z"}
{"level":"info","message":"⌛ Validating pepita.wlk","timeElapsed":363,"timestamp":"2026-08-17T13:04:27.292Z"}
{"level":"info","message":"⌛ Validating pepita.wlk","timeElapsed":301,"timestamp":"2026-08-17T13:04:27.598Z"}
{"level":"info","message":"⌛ Validating pepita.wlk","timeElapsed":294,"timestamp":"2026-08-17T13:04:27.898Z"}
{"level":"info","message":"⌛ Validating pepita.wlk","timeElapsed":315,"timestamp":"2026-08-17T13:04:28.218Z"}
{"level":"info","message":"⌛ Validating pepita.wlk","timeElapsed":488,"timestamp":"2026-08-17T13:04:28.730Z"}
{"level":"info","message":"⌛ Validating pepita.wlk","timeElapsed":410,"timestamp":"2026-08-17T13:04:29.152Z"}
{"level":"info","message":"⌛ Validating pepita.wlk","timeElapsed":397,"timestamp":"2026-08-17T13:04:29.561Z"}
{"level":"info","message":"⌛ Validating pepita.wlk","timeElapsed":698,"timestamp":"2026-08-17T13:04:30.333Z"}
{"level":"info","message":"⌛ Validating pepita.wlk","timeElapsed":320,"timestamp":"2026-08-17T13:04:30.660Z"}
{"level":"info","message":"⌛ Validating pepita.wlk","timeElapsed":360,"timestamp":"2026-08-17T13:04:31.024Z"}
{"level":"info","message":"⌛ Validating pepita.wlk","timeElapsed":256,"timestamp":"2026-08-17T13:04:31.286Z"}
{"level":"info","message":"⌛ Validating pepita.wlk","timeElapsed":242,"timestamp":"2026-08-17T13:04:31.546Z"}
{"level":"info","message":"⌛ Validating pepita.wlk","timeElapsed":299,"timestamp":"2026-08-17T13:04:31.849Z"}
{"level":"info","message":"⌛ Validating pepita.wlk","timeElapsed":594,"timestamp":"2026-08-17T13:04:32.579Z"}
{"level":"info","message":"⌛ Validating pepita.wlk","timeElapsed":282,"timestamp":"2026-08-17T13:04:32.864Z"}
{"level":"info","message":"⌛ Validating pepita.wlk","timeElapsed":333,"timestamp":"2026-08-17T13:04:33.204Z"}
{"level":"info","message":"⌛ Validating pepita.wlk","timeElapsed":276,"timestamp":"2026-08-17T13:04:33.484Z"}
{"level":"info","message":"⌛ Validating pepita.wlk","timeElapsed":279,"timestamp":"2026-08-17T13:04:33.772Z"}
{"level":"info","message":"⌛ Validating pepita.wlk","timeElapsed":306,"timestamp":"2026-08-17T13:04:34.083Z"}
{"level":"info","message":"⌛ Validating pepita.wlk","timeElapsed":233,"timestamp":"2026-08-17T13:04:34.323Z"}
{"level":"info","message":"⌛ Validating pepita.wlk","timeElapsed":268,"timestamp":"2026-08-17T13:04:34.597Z"}
{"level":"info","message":"⌛ Validating pepita.wlk","timeElapsed":234,"timestamp":"2026-08-17T13:04:34.836Z"}
{"level":"info","message":"⌛ Validating pepita.wlk","timeElapsed":228,"timestamp":"2026-08-17T13:04:35.069Z"}
{"level":"info","message":"⌛ Validating pepita.wlk","timeElapsed":234,"timestamp":"2026-08-17T13:04:35.309Z"}
{"level":"info","message":"⌛ Validating pepita.wlk","timeElapsed":279,"timestamp":"2026-08-17T13:04:35.593Z"}
{"level":"info","message":"⌛ Validating pepita.wlk","timeElapsed":234,"timestamp":"2026-08-17T13:04:35.832Z"}
{"level":"info","message":"⌛ Validating pepita.wlk","timeElapsed":223,"timestamp":"2026-08-17T13:04:36.060Z"}
{"level":"info","message":"⌛ Validating pepita.wlk","timeElapsed":224,"timestamp":"2026-08-17T13:04:36.291Z"}
{"level":"info","message":"⌛ Validating pepita.wlk","timeElapsed":213,"timestamp":"2026-08-17T13:04:36.559Z"}
{"level":"info","message":"⌛ Building environment","timeElapsed":1178,"timestamp":"2026-08-17T13:20:32.013Z"}
{"level":"info","message":"⌛ Building environment","timeElapsed":476,"timestamp":"2026-08-17T13:20:32.816Z"}
{"level":"info","message":"⌛ Validating pepita.wlk","timeElapsed":365,"timestamp":"2026-08-17T13:20:33.211Z"}
{"level":"info","message":"⌛ Validating pepita.wlk","timeElapsed":422,"timestamp":"2026-08-17T13:20:33.698Z"}
{"level":"info","message":"⌛ Building environment","timeElapsed":656,"timestamp":"2026-08-17T13:20:34.356Z"}
{"level":"info","message":"⌛ Building environment","timeElapsed":841,"timestamp":"2026-08-17T13:20:35.581Z"}
{"level":"info","message":"⌛ Building environment","timeElapsed":452,"timestamp":"2026-08-17T13:20:36.036Z"}
{"level":"info","message":"⌛ Building environment","timeElapsed":338,"timestamp":"2026-08-17T13:20:36.396Z"}
{"level":"info","message":"⌛ Building environment","timeElapsed":384,"timestamp":"2026-08-17T13:20:36.781Z"}
{"level":"info","message":"⌛ Building environment","timeElapsed":434,"timestamp":"2026-08-17T13:20:37.275Z"}
{"level":"error","message":"✘ Failed to rebuild document Failed to parse pepita.wlk: \n-- PARSING FAILED --------------------------------------------------\n\n  108 |  method\n  109 | \n> 110 | }\n      | ^\n  111 | \n  112 | // \n\nExpected one of the following: \n\n'!=', '!==', '%', '&&', '*', '**', '+', '-', '->', '..', '..<', '/', '<', '<<', '<<<', '<=', '<=>', '<>', '==', '===', '>', '>..', '>=', '>>', '>>>', '?:', 'and', 'invert', 'negate', 'or', 'plus', '||', identifier, whitespace\n","stack":"Error: Failed to parse pepita.wlk: \n-- PARSING FAILED --------------------------------------------------\n\n  108 |  method\n  109 | \n> 110 | }\n      | ^\n  111 | \n  112 | // \n\nExpected one of the following: \n\n'!=', '!==', '%', '&&', '*', '**', '+', '-', '->', '..', '..<', '/', '<', '<<', '<<<', '<=', '<=>', '<>', '==', '===', '>', '>..', '>=', '>>', '>>>', '?:', 'and', 'invert', 'negate', 'or', 'plus', '||', identifier, whitespace\n\n    at c:\\Users\\lukas\\.vscode\\extensions\\uqbar.wollok-lsp-ide-0.5.4\\out\\server\\src\\server.js:2353:13026\n    at Array.map (<anonymous>)\n    at U1n (c:\\Users\\lukas\\.vscode\\extensions\\uqbar.wollok-lsp-ide-0.5.4\\out\\server\\src\\server.js:2353:12950)\n    at H2.buildEnvironmentFrom (c:\\Users\\lukas\\.vscode\\extensions\\uqbar.wollok-lsp-ide-0.5.4\\out\\server\\src\\server.js:2398:5254)\n    at H2.updateEnvironmentWith (c:\\Users\\lukas\\.vscode\\extensions\\uqbar.wollok-lsp-ide-0.5.4\\out\\server\\src\\server.js:2398:4989)\n    at GF (c:\\Users\\lukas\\.vscode\\extensions\\uqbar.wollok-lsp-ide-0.5.4\\out\\server\\src\\server.js:2398:7383)\n    at V3.invoke (c:\\Users\\lukas\\.vscode\\extensions\\uqbar.wollok-lsp-ide-0.5.4\\out\\server\\src\\server.js:3:157328)\n    at o.fire (c:\\Users\\lukas\\.vscode\\extensions\\uqbar.wollok-lsp-ide-0.5.4\\out\\server\\src\\server.js:3:158098)\n    at c:\\Users\\lukas\\.vscode\\extensions\\uqbar.wollok-lsp-ide-0.5.4\\out\\server\\src\\server.js:37:57871\n    at nd (c:\\Users\\lukas\\.vscode\\extensions\\uqbar.wollok-lsp-ide-0.5.4\\out\\server\\src\\server.js:8:1561)","timestamp":"2026-08-17T13:20:37.614Z"}
{"level":"info","message":"⌛ Validating pepita.wlk","timeElapsed":440,"timestamp":"2026-08-17T13:20:38.066Z"}
{"level":"error","message":"✘ Failed to rebuild document Failed to parse pepita.wlk: \n-- PARSING FAILED --------------------------------------------------\n\n  108 |  method \n  109 | \n> 110 | }\n      | ^\n  111 | \n  112 | // \n\nExpected one of the following: \n\n'!=', '!==', '%', '&&', '*', '**', '+', '-', '->', '..', '..<', '/', '<', '<<', '<<<', '<=', '<=>', '<>', '==', '===', '>', '>..', '>=', '>>', '>>>', '?:', 'and', 'invert', 'negate', 'or', 'plus', '||', identifier, whitespace\n","stack":"Error: Failed to parse pepita.wlk: \n-- PARSING FAILED --------------------------------------------------\n\n  108 |  method \n  109 | \n> 110 | }\n      | ^\n  111 | \n  112 | // \n\nExpected one of the following: \n\n'!=', '!==', '%', '&&', '*', '**', '+', '-', '->', '..', '..<', '/', '<', '<<', '<<<', '<=', '<=>', '<>', '==', '===', '>', '>..', '>=', '>>', '>>>', '?:', 'and', 'invert', 'negate', 'or', 'plus', '||', identifier, whitespace\n\n    at c:\\Users\\lukas\\.vscode\\extensions\\uqbar.wollok-lsp-ide-0.5.4\\out\\server\\src\\server.js:2353:13026\n    at Array.map (<anonymous>)\n    at U1n (c:\\Users\\lukas\\.vscode\\extensions\\uqbar.wollok-lsp-ide-0.5.4\\out\\server\\src\\server.js:2353:12950)\n    at H2.buildEnvironmentFrom (c:\\Users\\lukas\\.vscode\\extensions\\uqbar.wollok-lsp-ide-0.5.4\\out\\server\\src\\server.js:2398:5254)\n    at H2.updateEnvironmentWith (c:\\Users\\lukas\\.vscode\\extensions\\uqbar.wollok-lsp-ide-0.5.4\\out\\server\\src\\server.js:2398:4989)\n    at GF (c:\\Users\\lukas\\.vscode\\extensions\\uqbar.wollok-lsp-ide-0.5.4\\out\\server\\src\\server.js:2398:7383)\n    at V3.invoke (c:\\Users\\lukas\\.vscode\\extensions\\uqbar.wollok-lsp-ide-0.5.4\\out\\server\\src\\server.js:3:157328)\n    at o.fire (c:\\Users\\lukas\\.vscode\\extensions\\uqbar.wollok-lsp-ide-0.5.4\\out\\server\\src\\server.js:3:158098)\n    at c:\\Users\\lukas\\.vscode\\extensions\\uqbar.wollok-lsp-ide-0.5.4\\out\\server\\src\\server.js:37:57871\n    at nd (c:\\Users\\lukas\\.vscode\\extensions\\uqbar.wollok-lsp-ide-0.5.4\\out\\server\\src\\server.js:8:1561)","timestamp":"2026-08-17T13:20:38.173Z"}
{"level":"info","message":"⌛ Building environment","timeElapsed":499,"timestamp":"2026-08-17T13:20:38.677Z"}
{"level":"info","message":"⌛ Building environment","timeElapsed":318,"timestamp":"2026-08-17T13:20:39.018Z"}
{"level":"info","message":"⌛ Building environment","timeElapsed":599,"timestamp":"2026-08-17T13:20:42.280Z"}
{"level":"info","message":"⌛ Building environment","timeElapsed":451,"timestamp":"2026-08-17T13:20:44.500Z"}
{"level":"info","message":"⌛ Building environment","timeElapsed":638,"timestamp":"2026-08-17T13:20:45.193Z"}
{"level":"info","message":"⌛ Building environment","timeElapsed":446,"timestamp":"2026-08-17T13:20:45.660Z"}
{"level":"info","message":"⌛ Building environment","timeElapsed":1185,"timestamp":"2026-08-17T13:20:46.846Z"}
{"level":"info","message":"⌛ Building environment","timeElapsed":618,"timestamp":"2026-08-17T13:20:47.527Z"}
{"level":"info","message":"⌛ Building environment","timeElapsed":354,"timestamp":"2026-08-17T13:20:47.883Z"}
{"level":"info","message":"⌛ Building environment","timeElapsed":787,"timestamp":"2026-08-17T13:20:48.697Z"}
{"level":"info","message":"⌛ Building environment","timeElapsed":500,"timestamp":"2026-08-17T13:20:49.241Z"}
{"level":"info","message":"⌛ Validating pepita.wlk","timeElapsed":1146,"timestamp":"2026-08-17T13:20:50.444Z"}
{"level":"info","message":"⌛ Validating pepita.wlk","timeElapsed":448,"timestamp":"2026-08-17T13:20:50.902Z"}
{"level":"info","message":"⌛ Validating pepita.wlk","timeElapsed":364,"timestamp":"2026-08-17T13:20:51.275Z"}
{"level":"info","message":"⌛ Validating pepita.wlk","timeElapsed":439,"timestamp":"2026-08-17T13:20:51.847Z"}
{"level":"info","message":"⌛ Validating pepita.wlk","timeElapsed":613,"timestamp":"2026-08-17T13:20:52.466Z"}
{"level":"info","message":"⌛ Validating pepita.wlk","timeElapsed":739,"timestamp":"2026-08-17T13:20:53.210Z"}
{"level":"info","message":"⌛ Validating pepita.wlk","timeElapsed":2556,"timestamp":"2026-08-17T13:20:55.769Z"}
{"level":"info","message":"⌛ Validating pepita.wlk","timeElapsed":602,"timestamp":"2026-08-17T13:20:56.376Z"}
{"level":"info","message":"⌛ Validating pepita.wlk","timeElapsed":2770,"timestamp":"2026-08-17T13:20:59.148Z"}
{"level":"info","message":"⌛ Validating pepita.wlk","timeElapsed":1863,"timestamp":"2026-08-17T13:21:01.016Z"}
{"level":"info","message":"⌛ Validating pepita.wlk","timeElapsed":1465,"timestamp":"2026-08-17T13:21:02.539Z"}
{"level":"info","message":"⌛ Validating pepita.wlk","timeElapsed":1097,"timestamp":"2026-08-17T13:21:03.641Z"}
{"level":"info","message":"⌛ Validating pepita.wlk","timeElapsed":1226,"timestamp":"2026-08-17T13:21:04.870Z"}
{"level":"info","message":"⌛ Validating pepita.wlk","timeElapsed":2341,"timestamp":"2026-08-17T13:21:07.214Z"}
{"level":"info","message":"⌛ Building environment","timeElapsed":1448,"timestamp":"2026-08-17T13:21:08.672Z"}
{"level":"info","message":"⌛ Building environment","timeElapsed":1551,"timestamp":"2026-08-17T13:21:10.224Z"}
{"level":"info","message":"⌛ Building environment","timeElapsed":974,"timestamp":"2026-08-17T13:21:11.263Z"}
{"level":"info","message":"⌛ Validating pepita.wlk","timeElapsed":2540,"timestamp":"2026-08-17T13:21:13.896Z"}
{"level":"info","message":"⌛ Validating pepita.wlk","timeElapsed":1500,"timestamp":"2026-08-17T13:21:15.397Z"}
{"level":"info","message":"⌛ Building environment","timeElapsed":1207,"timestamp":"2026-08-17T13:21:16.613Z"}
{"level":"info","message":"⌛ Building environment","timeElapsed":1220,"timestamp":"2026-08-17T13:21:18.955Z"}
{"level":"info","message":"⌛ Building environment","timeElapsed":535,"timestamp":"2026-08-17T13:21:19.514Z"}
{"level":"info","message":"⌛ Building environment","timeElapsed":461,"timestamp":"2026-08-17T13:21:20.056Z"}
{"level":"info","message":"⌛ Building environment","timeElapsed":726,"timestamp":"2026-08-17T13:21:20.838Z"}
{"level":"info","message":"⌛ Building environment","timeElapsed":967,"timestamp":"2026-08-17T13:21:21.929Z"}
{"level":"info","message":"⌛ Building environment","timeElapsed":445,"timestamp":"2026-08-17T13:21:22.431Z"}
{"level":"info","message":"⌛ Autocomplete - Method","timeElapsed":149,"timestamp":"2026-08-17T13:21:22.713Z"}
{"level":"info","message":"⌛ Validating pepita.wlk","timeElapsed":520,"timestamp":"2026-08-17T13:21:23.257Z"}
{"level":"info","message":"⌛ Validating pepita.wlk","timeElapsed":699,"timestamp":"2026-08-17T13:21:24.323Z"}
{"level":"info","message":"⌛ Validating pepita.wlk","timeElapsed":1113,"timestamp":"2026-08-17T13:21:25.440Z"}
{"level":"info","message":"⌛ Validating pepita.wlk","timeElapsed":413,"timestamp":"2026-08-17T13:21:26.089Z"}
{"level":"info","message":"⌛ Validating pepita.wlk","timeElapsed":661,"timestamp":"2026-08-17T13:21:26.752Z"}
{"level":"info","message":"⌛ Validating pepita.wlk","timeElapsed":634,"timestamp":"2026-08-17T13:21:27.388Z"}
{"level":"info","message":"⌛ Validating pepita.wlk","timeElapsed":730,"timestamp":"2026-08-17T13:21:28.128Z"}
{"level":"info","message":"⌛ Validating pepita.wlk","timeElapsed":1311,"timestamp":"2026-08-17T13:21:29.454Z"}
{"level":"info","message":"⌛ Validating pepita.wlk","timeElapsed":2503,"timestamp":"2026-08-17T13:21:31.964Z"}
{"level":"info","message":"⌛ Validating pepita.wlk","timeElapsed":946,"timestamp":"2026-08-17T13:21:32.916Z"}
{"level":"info","message":"⌛ Building environment","timeElapsed":1141,"timestamp":"2026-08-17T13:27:39.847Z"}
{"level":"info","message":"⌛ Building environment","timeElapsed":700,"timestamp":"2026-08-17T13:27:40.585Z"}
{"level":"info","message":"⌛ Building environment","timeElapsed":650,"timestamp":"2026-08-17T13:27:41.437Z"}
{"level":"info","message":"⌛ Building environment","timeElapsed":415,"timestamp":"2026-08-17T13:27:41.874Z"}
{"level":"info","message":"⌛ Building environment","timeElapsed":1637,"timestamp":"2026-08-17T13:27:43.614Z"}
{"level":"info","message":"⌛ Building environment","timeElapsed":732,"timestamp":"2026-08-17T13:27:44.348Z"}
{"level":"info","message":"⌛ Validating pepita.wlk","timeElapsed":1068,"timestamp":"2026-08-17T13:27:45.417Z"}
{"level":"info","message":"⌛ Building environment","timeElapsed":1051,"timestamp":"2026-08-17T13:27:46.595Z"}
{"level":"info","message":"⌛ Building environment","timeElapsed":1465,"timestamp":"2026-08-17T13:27:48.085Z"}
{"level":"info","message":"⌛ Building environment","timeElapsed":1268,"timestamp":"2026-08-17T13:27:49.383Z"}
{"level":"info","message":"⌛ Building environment","timeElapsed":1126,"timestamp":"2026-08-17T13:27:50.516Z"}
{"level":"info","message":"⌛ Validating pepita.wlk","timeElapsed":1403,"timestamp":"2026-08-17T13:27:52.137Z"}
{"level":"info","message":"⌛ Validating pepita.wlk","timeElapsed":2122,"timestamp":"2026-08-17T13:27:54.259Z"}
{"level":"info","message":"⌛ Validating pepita.wlk","timeElapsed":832,"timestamp":"2026-08-17T13:27:55.091Z"}
{"level":"info","message":"⌛ Building environment","timeElapsed":413,"timestamp":"2026-08-17T13:27:55.518Z"}
{"level":"info","message":"⌛ Building environment","timeElapsed":551,"timestamp":"2026-08-17T13:27:56.076Z"}
{"level":"info","message":"⌛ Building environment","timeElapsed":381,"timestamp":"2026-08-17T13:27:56.782Z"}
{"level":"info","message":"⌛ Validating pepita.wlk","timeElapsed":447,"timestamp":"2026-08-17T13:27:57.317Z"}
{"level":"info","message":"⌛ Building environment","timeElapsed":920,"timestamp":"2026-08-17T13:27:58.242Z"}
{"level":"info","message":"⌛ Building environment","timeElapsed":395,"timestamp":"2026-08-17T13:27:58.670Z"}
{"level":"info","message":"⌛ Validating pepita.wlk","timeElapsed":444,"timestamp":"2026-08-17T13:27:59.115Z"}
{"level":"info","message":"⌛ Building environment","timeElapsed":589,"timestamp":"2026-08-17T13:27:59.742Z"}
{"level":"info","message":"⌛ Building environment","timeElapsed":304,"timestamp":"2026-08-17T13:28:00.092Z"}
{"level":"info","message":"⌛ Building environment","timeElapsed":471,"timestamp":"2026-08-17T13:28:00.615Z"}
{"level":"info","message":"⌛ Building environment","timeElapsed":1446,"timestamp":"2026-08-17T13:28:02.078Z"}
{"level":"info","message":"⌛ Building environment","timeElapsed":655,"timestamp":"2026-08-17T13:28:02.788Z"}
{"level":"info","message":"⌛ Building environment","timeElapsed":395,"timestamp":"2026-08-17T13:28:03.190Z"}
{"level":"info","message":"⌛ Validating pepita.wlk","timeElapsed":789,"timestamp":"2026-08-17T13:28:03.986Z"}
{"level":"info","message":"⌛ Building environment","timeElapsed":458,"timestamp":"2026-08-17T13:28:04.453Z"}
{"level":"info","message":"⌛ Building environment","timeElapsed":467,"timestamp":"2026-08-17T13:28:04.972Z"}
{"level":"info","message":"⌛ Building environment","timeElapsed":412,"timestamp":"2026-08-17T13:28:05.423Z"}
{"level":"info","message":"⌛ Building environment","timeElapsed":371,"timestamp":"2026-08-17T13:28:05.822Z"}
{"level":"info","message":"⌛ Building environment","timeElapsed":1458,"timestamp":"2026-08-17T13:28:07.318Z"}
{"level":"info","message":"⌛ Building environment","timeElapsed":453,"timestamp":"2026-08-17T13:28:07.805Z"}
{"level":"info","message":"⌛ Building environment","timeElapsed":854,"timestamp":"2026-08-17T13:28:08.883Z"}
{"level":"info","message":"⌛ Validating pepita.wlk","timeElapsed":568,"timestamp":"2026-08-17T13:28:09.489Z"}
{"level":"info","message":"⌛ Building environment","timeElapsed":371,"timestamp":"2026-08-17T13:28:09.873Z"}
{"level":"info","message":"⌛ Validating pepita.wlk","timeElapsed":436,"timestamp":"2026-08-17T13:28:10.436Z"}
{"level":"info","message":"⌛ Validating pepita.wlk","timeElapsed":799,"timestamp":"2026-08-17T13:28:11.248Z"}
{"level":"info","message":"⌛ Building environment","timeElapsed":455,"timestamp":"2026-08-17T13:28:11.708Z"}
{"level":"info","message":"⌛ Validating pepita.wlk","timeElapsed":427,"timestamp":"2026-08-17T13:28:12.212Z"}
{"level":"info","message":"⌛ Validating pepita.wlk","timeElapsed":387,"timestamp":"2026-08-17T13:28:12.603Z"}
{"level":"info","message":"⌛ Validating pepita.wlk","timeElapsed":403,"timestamp":"2026-08-17T13:28:13.011Z"}
{"level":"info","message":"⌛ Validating pepita.wlk","timeElapsed":352,"timestamp":"2026-08-17T13:28:13.369Z"}
{"level":"info","message":"⌛ Validating pepita.wlk","timeElapsed":464,"timestamp":"2026-08-17T13:28:13.840Z"}
{"level":"info","message":"⌛ Validating pepita.wlk","timeElapsed":741,"timestamp":"2026-08-17T13:28:14.589Z"}
{"level":"info","message":"⌛ Validating pepita.wlk","timeElapsed":569,"timestamp":"2026-08-17T13:28:15.168Z"}
{"level":"info","message":"⌛ Validating pepita.wlk","timeElapsed":1219,"timestamp":"2026-08-17T13:28:16.449Z"}
{"level":"info","message":"⌛ Validating pepita.wlk","timeElapsed":708,"timestamp":"2026-08-17T13:28:17.165Z"}
{"level":"info","message":"⌛ Validating pepita.wlk","timeElapsed":417,"timestamp":"2026-08-17T13:28:17.586Z"}
{"level":"info","message":"⌛ Validating pepita.wlk","timeElapsed":509,"timestamp":"2026-08-17T13:28:18.099Z"}
{"level":"info","message":"⌛ Validating pepita.wlk","timeElapsed":450,"timestamp":"2026-08-17T13:28:18.560Z"}
{"level":"info","message":"⌛ Validating pepita.wlk","timeElapsed":716,"timestamp":"2026-08-17T13:28:19.279Z"}
{"level":"info","message":"⌛ Validating pepita.wlk","timeElapsed":753,"timestamp":"2026-08-17T13:28:20.064Z"}
{"level":"info","message":"⌛ Validating pepita.wlk","timeElapsed":436,"timestamp":"2026-08-17T13:28:20.501Z"}
{"level":"info","message":"⌛ Validating pepita.wlk","timeElapsed":363,"timestamp":"2026-08-17T13:28:20.866Z"}
{"level":"info","message":"⌛ Validating pepita.wlk","timeElapsed":379,"timestamp":"2026-08-17T13:28:21.246Z"}
{"level":"info","message":"⌛ Validating pepita.wlk","timeElapsed":841,"timestamp":"2026-08-17T13:28:22.088Z"}
{"level":"info","message":"⌛ Validating pepita.wlk","timeElapsed":543,"timestamp":"2026-08-17T13:28:22.632Z"}
{"level":"info","message":"⌛ Validating pepita.wlk","timeElapsed":554,"timestamp":"2026-08-17T13:28:23.189Z"}
{"level":"info","message":"⌛ Building environment","timeElapsed":791,"timestamp":"2026-08-17T13:30:10.825Z"}
{"level":"info","message":"⌛ Building environment","timeElapsed":1070,"timestamp":"2026-08-17T13:30:11.896Z"}
{"level":"info","message":"⌛ Building environment","timeElapsed":516,"timestamp":"2026-08-17T13:30:12.731Z"}
{"level":"info","message":"⌛ Building environment","timeElapsed":561,"timestamp":"2026-08-17T13:30:13.293Z"}
{"level":"info","message":"⌛ Building environment","timeElapsed":772,"timestamp":"2026-08-17T13:30:14.070Z"}
{"level":"info","message":"⌛ Validating pepita.wlk","timeElapsed":1472,"timestamp":"2026-08-17T13:30:15.544Z"}
{"level":"info","message":"⌛ Building environment","timeElapsed":773,"timestamp":"2026-08-17T13:30:16.333Z"}
{"level":"info","message":"⌛ Building environment","timeElapsed":515,"timestamp":"2026-08-17T13:30:16.916Z"}
{"level":"info","message":"⌛ Building environment","timeElapsed":1397,"timestamp":"2026-08-17T13:30:18.344Z"}
{"level":"info","message":"⌛ Building environment","timeElapsed":390,"timestamp":"2026-08-17T13:30:18.765Z"}
{"level":"info","message":"⌛ Building environment","timeElapsed":268,"timestamp":"2026-08-17T13:30:19.147Z"}
{"level":"info","message":"⌛ Validating pepita.wlk","timeElapsed":749,"timestamp":"2026-08-17T13:30:19.931Z"}
{"level":"info","message":"⌛ Validating pepita.wlk","timeElapsed":958,"timestamp":"2026-08-17T13:30:20.890Z"}
{"level":"info","message":"⌛ Validating pepita.wlk","timeElapsed":473,"timestamp":"2026-08-17T13:30:21.364Z"}
{"level":"info","message":"⌛ Validating pepita.wlk","timeElapsed":422,"timestamp":"2026-08-17T13:30:21.787Z"}
{"level":"info","message":"⌛ Validating pepita.wlk","timeElapsed":310,"timestamp":"2026-08-17T13:30:22.099Z"}
{"level":"info","message":"⌛ Validating pepita.wlk","timeElapsed":268,"timestamp":"2026-08-17T13:30:22.375Z"}
{"level":"info","message":"⌛ Validating pepita.wlk","timeElapsed":298,"timestamp":"2026-08-17T13:30:22.677Z"}
{"level":"info","message":"⌛ Validating pepita.wlk","timeElapsed":426,"timestamp":"2026-08-17T13:30:23.110Z"}
{"level":"info","message":"⌛ Validating pepita.wlk","timeElapsed":627,"timestamp":"2026-08-17T13:30:23.744Z"}
{"level":"info","message":"⌛ Building environment","timeElapsed":398,"timestamp":"2026-08-17T13:30:25.638Z"}
{"level":"info","message":"⌛ Validating pepita.wlk","timeElapsed":355,"timestamp":"2026-08-17T13:30:26.051Z"}
{"level":"info","message":"⌛ Building environment","timeElapsed":448,"timestamp":"2026-08-17T13:30:26.741Z"}
{"level":"info","message":"⌛ Validating pepita.wlk","timeElapsed":298,"timestamp":"2026-08-17T13:30:27.076Z"}
{"level":"info","message":"⌛ Building environment","timeElapsed":1336,"timestamp":"2026-08-17T13:30:29.116Z"}
{"level":"info","message":"⌛ Building environment","timeElapsed":767,"timestamp":"2026-08-17T13:30:30.002Z"}
{"level":"info","message":"⌛ Building environment","timeElapsed":513,"timestamp":"2026-08-17T13:30:30.544Z"}
{"level":"info","message":"⌛ Building environment","timeElapsed":328,"timestamp":"2026-08-17T13:30:30.950Z"}
{"level":"info","message":"⌛ Building environment","timeElapsed":497,"timestamp":"2026-08-17T13:30:31.474Z"}
{"level":"info","message":"⌛ Building environment","timeElapsed":551,"timestamp":"2026-08-17T13:30:32.056Z"}
{"level":"info","message":"⌛ Building environment","timeElapsed":444,"timestamp":"2026-08-17T13:30:32.542Z"}
{"level":"info","message":"⌛ Building environment","timeElapsed":557,"timestamp":"2026-08-17T13:30:33.539Z"}
{"level":"info","message":"⌛ Validating pepita.wlk","timeElapsed":431,"timestamp":"2026-08-17T13:30:33.995Z"}
{"level":"info","message":"⌛ Building environment","timeElapsed":231,"timestamp":"2026-08-17T13:30:34.229Z"}
{"level":"info","message":"⌛ Building environment","timeElapsed":223,"timestamp":"2026-08-17T13:30:34.498Z"}
{"level":"info","message":"⌛ Building environment","timeElapsed":533,"timestamp":"2026-08-17T13:30:35.115Z"}
{"level":"info","message":"⌛ Building environment","timeElapsed":481,"timestamp":"2026-08-17T13:30:36.007Z"}
{"level":"info","message":"⌛ Building environment","timeElapsed":2496,"timestamp":"2026-08-17T13:30:38.597Z"}
{"level":"info","message":"⌛ Building environment","timeElapsed":1094,"timestamp":"2026-08-17T13:30:39.955Z"}
{"level":"info","message":"⌛ Building environment","timeElapsed":1006,"timestamp":"2026-08-17T13:30:41.103Z"}
{"level":"info","message":"⌛ Building environment","timeElapsed":508,"timestamp":"2026-08-17T13:30:41.641Z"}
{"level":"info","message":"⌛ Building environment","timeElapsed":478,"timestamp":"2026-08-17T13:30:42.163Z"}
{"level":"info","message":"⌛ Building environment","timeElapsed":402,"timestamp":"2026-08-17T13:30:42.672Z"}
{"level":"info","message":"⌛ Building environment","timeElapsed":466,"timestamp":"2026-08-17T13:30:43.279Z"}
{"level":"info","message":"⌛ Validating pepita.wlk","timeElapsed":446,"timestamp":"2026-08-17T13:30:43.776Z"}
{"level":"info","message":"⌛ Validating pepita.wlk","timeElapsed":323,"timestamp":"2026-08-17T13:30:44.103Z"}
{"level":"info","message":"⌛ Validating pepita.wlk","timeElapsed":293,"timestamp":"2026-08-17T13:30:44.400Z"}
{"level":"info","message":"⌛ Validating pepita.wlk","timeElapsed":323,"timestamp":"2026-08-17T13:30:44.728Z"}
{"level":"info","message":"⌛ Validating pepita.wlk","timeElapsed":323,"timestamp":"2026-08-17T13:30:45.054Z"}
{"level":"info","message":"⌛ Validating pepita.wlk","timeElapsed":323,"timestamp":"2026-08-17T13:30:45.381Z"}
{"level":"info","message":"⌛ Validating pepita.wlk","timeElapsed":308,"timestamp":"2026-08-17T13:30:45.694Z"}
{"level":"info","message":"⌛ Validating pepita.wlk","timeElapsed":292,"timestamp":"2026-08-17T13:30:45.990Z"}
{"level":"info","message":"⌛ Validating pepita.wlk","timeElapsed":914,"timestamp":"2026-08-17T13:30:46.946Z"}
{"level":"info","message":"⌛ Validating pepita.wlk","timeElapsed":298,"timestamp":"2026-08-17T13:30:47.245Z"}
{"level":"info","message":"⌛ Validating pepita.wlk","timeElapsed":1298,"timestamp":"2026-08-17T13:30:48.545Z"}
{"level":"info","message":"⌛ Validating pepita.wlk","timeElapsed":548,"timestamp":"2026-08-17T13:30:49.095Z"}
{"level":"info","message":"⌛ Validating pepita.wlk","timeElapsed":1199,"timestamp":"2026-08-17T13:30:50.294Z"}
{"level":"info","message":"⌛ Validating pepita.wlk","timeElapsed":506,"timestamp":"2026-08-17T13:30:50.805Z"}
{"level":"info","message":"⌛ Validating pepita.wlk","timeElapsed":345,"timestamp":"2026-08-17T13:30:51.154Z"}
{"level":"info","message":"⌛ Validating pepita.wlk","timeElapsed":608,"timestamp":"2026-08-17T13:30:51.831Z"}
{"level":"info","message":"⌛ Validating pepita.wlk","timeElapsed":355,"timestamp":"2026-08-17T13:30:52.193Z"}
{"level":"info","message":"⌛ Validating pepita.wlk","timeElapsed":309,"timestamp":"2026-08-17T13:30:52.510Z"}
{"level":"info","message":"⌛ Building environment","timeElapsed":774,"timestamp":"2026-08-17T13:30:53.287Z"}
{"level":"info","message":"⌛ Building environment","timeElapsed":1324,"timestamp":"2026-08-17T13:30:54.615Z"}
{"level":"info","message":"⌛ Building environment","timeElapsed":488,"timestamp":"2026-08-17T13:30:55.111Z"}
{"level":"info","message":"⌛ Building environment","timeElapsed":335,"timestamp":"2026-08-17T13:30:55.448Z"}
{"level":"info","message":"⌛ Building environment","timeElapsed":349,"timestamp":"2026-08-17T13:30:55.828Z"}
{"level":"info","message":"⌛ Building environment","timeElapsed":379,"timestamp":"2026-08-17T13:30:56.242Z"}
{"level":"info","message":"⌛ Building environment","timeElapsed":378,"timestamp":"2026-08-17T13:30:56.629Z"}
{"level":"info","message":"⌛ Building environment","timeElapsed":282,"timestamp":"2026-08-17T13:30:56.939Z"}
{"level":"info","message":"⌛ Building environment","timeElapsed":232,"timestamp":"2026-08-17T13:30:57.210Z"}
{"level":"info","message":"⌛ Building environment","timeElapsed":237,"timestamp":"2026-08-17T13:30:57.503Z"}
{"level":"info","message":"⌛ Building environment","timeElapsed":552,"timestamp":"2026-08-17T13:30:58.098Z"}
{"level":"info","message":"⌛ Building environment","timeElapsed":237,"timestamp":"2026-08-17T13:30:58.363Z"}
{"level":"info","message":"⌛ Validating pepita.wlk","timeElapsed":338,"timestamp":"2026-08-17T13:30:58.747Z"}
{"level":"info","message":"⌛ Validating pepita.wlk","timeElapsed":267,"timestamp":"2026-08-17T13:30:59.022Z"}
{"level":"info","message":"⌛ Validating pepita.wlk","timeElapsed":269,"timestamp":"2026-08-17T13:30:59.299Z"}
{"level":"info","message":"⌛ Validating pepita.wlk","timeElapsed":307,"timestamp":"2026-08-17T13:30:59.610Z"}
{"level":"info","message":"⌛ Validating pepita.wlk","timeElapsed":428,"timestamp":"2026-08-17T13:31:00.071Z"}
{"level":"info","message":"⌛ Validating pepita.wlk","timeElapsed":513,"timestamp":"2026-08-17T13:31:00.589Z"}
{"level":"info","message":"⌛ Validating pepita.wlk","timeElapsed":792,"timestamp":"2026-08-17T13:31:01.532Z"}
{"level":"info","message":"⌛ Validating pepita.wlk","timeElapsed":610,"timestamp":"2026-08-17T13:31:02.230Z"}
{"level":"info","message":"⌛ Validating pepita.wlk","timeElapsed":616,"timestamp":"2026-08-17T13:31:02.846Z"}
{"level":"info","message":"⌛ Validating pepita.wlk","timeElapsed":895,"timestamp":"2026-08-17T13:31:03.746Z"}
{"level":"info","message":"⌛ Validating pepita.wlk","timeElapsed":794,"timestamp":"2026-08-17T13:31:04.542Z"}
{"level":"info","message":"⌛ Validating pepita.wlk","timeElapsed":1113,"timestamp":"2026-08-17T13:31:05.659Z"}
{"level":"info","message":"⌛ Building environment","timeElapsed":614,"timestamp":"2026-08-17T13:31:06.281Z"}
{"level":"info","message":"⌛ Building environment","timeElapsed":343,"timestamp":"2026-08-17T13:31:06.631Z"}
{"level":"info","message":"⌛ Building environment","timeElapsed":263,"timestamp":"2026-08-17T13:31:06.907Z"}
{"level":"info","message":"⌛ Building environment","timeElapsed":259,"timestamp":"2026-08-17T13:31:07.203Z"}
{"level":"info","message":"⌛ Building environment","timeElapsed":220,"timestamp":"2026-08-17T13:31:07.446Z"}
{"level":"info","message":"⌛ Building environment","timeElapsed":358,"timestamp":"2026-08-17T13:31:07.834Z"}
{"level":"info","message":"⌛ Building environment","timeElapsed":407,"timestamp":"2026-08-17T13:31:08.246Z"}
{"level":"info","message":"⌛ Building environment","timeElapsed":256,"timestamp":"2026-08-17T13:31:08.515Z"}
{"level":"info","message":"⌛ Building environment","timeElapsed":544,"timestamp":"2026-08-17T13:31:09.085Z"}
{"level":"info","message":"⌛ Building environment","timeElapsed":434,"timestamp":"2026-08-17T13:31:09.557Z"}
{"level":"info","message":"⌛ Building environment","timeElapsed":363,"timestamp":"2026-08-17T13:31:10.039Z"}
{"level":"info","message":"⌛ Building environment","timeElapsed":791,"timestamp":"2026-08-17T13:31:10.898Z"}
{"level":"info","message":"⌛ Building environment","timeElapsed":413,"timestamp":"2026-08-17T13:31:11.355Z"}
{"level":"info","message":"⌛ Building environment","timeElapsed":426,"timestamp":"2026-08-17T13:31:11.839Z"}
{"level":"info","message":"⌛ Building environment","timeElapsed":355,"timestamp":"2026-08-17T13:31:12.259Z"}
{"level":"info","message":"⌛ Building environment","timeElapsed":1824,"timestamp":"2026-08-17T13:31:14.198Z"}
{"level":"info","message":"⌛ Building environment","timeElapsed":391,"timestamp":"2026-08-17T13:31:14.631Z"}
{"level":"info","message":"⌛ Building environment","timeElapsed":387,"timestamp":"2026-08-17T13:31:15.180Z"}
{"level":"info","message":"⌛ Building environment","timeElapsed":408,"timestamp":"2026-08-17T13:31:15.597Z"}
{"level":"info","message":"⌛ Validating pepita.wlk","timeElapsed":579,"timestamp":"2026-08-17T13:31:16.205Z"}
{"level":"info","message":"⌛ Validating pepita.wlk","timeElapsed":490,"timestamp":"2026-08-17T13:31:16.696Z"}
{"level":"info","message":"⌛ Validating pepita.wlk","timeElapsed":600,"timestamp":"2026-08-17T13:31:17.300Z"}
{"level":"info","message":"⌛ Validating pepita.wlk","timeElapsed":759,"timestamp":"2026-08-17T13:31:18.061Z"}
{"level":"info","message":"⌛ Validating pepita.wlk","timeElapsed":767,"timestamp":"2026-08-17T13:31:18.885Z"}
{"level":"info","message":"⌛ Validating pepita.wlk","timeElapsed":834,"timestamp":"2026-08-17T13:31:19.724Z"}
{"level":"info","message":"⌛ Validating pepita.wlk","timeElapsed":656,"timestamp":"2026-08-17T13:31:20.385Z"}
{"level":"info","message":"⌛ Validating pepita.wlk","timeElapsed":689,"timestamp":"2026-08-17T13:31:21.077Z"}
{"level":"info","message":"⌛ Validating pepita.wlk","timeElapsed":1664,"timestamp":"2026-08-17T13:31:22.745Z"}
{"level":"info","message":"⌛ Validating pepita.wlk","timeElapsed":2108,"timestamp":"2026-08-17T13:31:24.864Z"}
{"level":"info","message":"⌛ Validating pepita.wlk","timeElapsed":1111,"timestamp":"2026-08-17T13:31:25.980Z"}
{"level":"info","message":"⌛ Validating pepita.wlk","timeElapsed":1257,"timestamp":"2026-08-17T13:31:27.244Z"}
{"level":"info","message":"⌛ Validating pepita.wlk","timeElapsed":1211,"timestamp":"2026-08-17T13:31:28.458Z"}
{"level":"info","message":"⌛ Validating pepita.wlk","timeElapsed":2215,"timestamp":"2026-08-17T13:31:30.676Z"}
{"level":"info","message":"⌛ Validating pepita.wlk","timeElapsed":1930,"timestamp":"2026-08-17T13:31:32.609Z"}
{"level":"info","message":"⌛ Validating pepita.wlk","timeElapsed":1489,"timestamp":"2026-08-17T13:31:34.629Z"}
{"level":"info","message":"⌛ Validating pepita.wlk","timeElapsed":919,"timestamp":"2026-08-17T13:31:35.593Z"}
{"level":"info","message":"⌛ Validating pepita.wlk","timeElapsed":1310,"timestamp":"2026-08-17T13:31:36.912Z"}
{"level":"info","message":"⌛ Validating pepita.wlk","timeElapsed":632,"timestamp":"2026-08-17T13:31:37.551Z"}
{"level":"info","message":"⌛ Building environment","timeElapsed":507,"timestamp":"2026-08-17T13:31:38.069Z"}
{"level":"info","message":"⌛ Building environment","timeElapsed":484,"timestamp":"2026-08-17T13:31:38.596Z"}
{"level":"info","message":"⌛ Building environment","timeElapsed":908,"timestamp":"2026-08-17T13:31:39.558Z"}
{"level":"info","message":"⌛ Building environment","timeElapsed":349,"timestamp":"2026-08-17T13:31:39.995Z"}
{"level":"info","message":"⌛ Building environment","timeElapsed":400,"timestamp":"2026-08-17T13:31:40.433Z"}
{"level":"info","message":"⌛ Building environment","timeElapsed":280,"timestamp":"2026-08-17T13:31:40.751Z"}
{"level":"info","message":"⌛ Building environment","timeElapsed":231,"timestamp":"2026-08-17T13:31:41.032Z"}
{"level":"info","message":"⌛ Building environment","timeElapsed":236,"timestamp":"2026-08-17T13:31:41.305Z"}
{"level":"info","message":"⌛ Building environment","timeElapsed":266,"timestamp":"2026-08-17T13:31:41.600Z"}
{"level":"info","message":"⌛ Building environment","timeElapsed":272,"timestamp":"2026-08-17T13:31:41.928Z"}
{"level":"info","message":"⌛ Building environment","timeElapsed":353,"timestamp":"2026-08-17T13:31:42.342Z"}
{"level":"info","message":"⌛ Building environment","timeElapsed":1266,"timestamp":"2026-08-17T13:31:43.646Z"}
{"level":"info","message":"⌛ Building environment","timeElapsed":405,"timestamp":"2026-08-17T13:31:44.356Z"}
{"level":"info","message":"⌛ Building environment","timeElapsed":228,"timestamp":"2026-08-17T13:31:44.619Z"}
{"level":"info","message":"⌛ Building environment","timeElapsed":253,"timestamp":"2026-08-17T13:31:44.907Z"}
{"level":"info","message":"⌛ Building environment","timeElapsed":231,"timestamp":"2026-08-17T13:31:45.170Z"}
{"level":"info","message":"⌛ Building environment","timeElapsed":221,"timestamp":"2026-08-17T13:31:45.445Z"}
{"level":"info","message":"⌛ Building environment","timeElapsed":233,"timestamp":"2026-08-17T13:31:45.712Z"}
{"level":"info","message":"⌛ Building environment","timeElapsed":243,"timestamp":"2026-08-17T13:31:46.020Z"}
{"level":"info","message":"⌛ Building environment","timeElapsed":218,"timestamp":"2026-08-17T13:31:46.277Z"}
{"level":"info","message":"⌛ Building environment","timeElapsed":206,"timestamp":"2026-08-17T13:31:46.558Z"}
{"level":"info","message":"⌛ Building environment","timeElapsed":248,"timestamp":"2026-08-17T13:31:46.854Z"}
{"level":"info","message":"⌛ Building environment","timeElapsed":221,"timestamp":"2026-08-17T13:31:47.109Z"}
{"level":"info","message":"⌛ Validating pepita.wlk","timeElapsed":371,"timestamp":"2026-08-17T13:31:47.547Z"}
{"level":"info","message":"⌛ Validating pepita.wlk","timeElapsed":692,"timestamp":"2026-08-17T13:31:48.243Z"}
{"level":"info","message":"⌛ Validating pepita.wlk","timeElapsed":249,"timestamp":"2026-08-17T13:31:48.494Z"}
{"level":"info","message":"⌛ Validating pepita.wlk","timeElapsed":249,"timestamp":"2026-08-17T13:31:48.748Z"}
{"level":"info","message":"⌛ Validating pepita.wlk","timeElapsed":257,"timestamp":"2026-08-17T13:31:49.009Z"}
{"level":"info","message":"⌛ Validating pepita.wlk","timeElapsed":306,"timestamp":"2026-08-17T13:31:49.325Z"}
{"level":"info","message":"⌛ Validating pepita.wlk","timeElapsed":345,"timestamp":"2026-08-17T13:31:49.675Z"}
{"level":"info","message":"⌛ Validating pepita.wlk","timeElapsed":226,"timestamp":"2026-08-17T13:31:49.904Z"}
{"level":"info","message":"⌛ Validating pepita.wlk","timeElapsed":386,"timestamp":"2026-08-17T13:31:50.294Z"}
{"level":"info","message":"⌛ Validating pepita.wlk","timeElapsed":386,"timestamp":"2026-08-17T13:31:50.685Z"}
{"level":"info","message":"⌛ Validating pepita.wlk","timeElapsed":229,"timestamp":"2026-08-17T13:31:50.918Z"}
{"level":"info","message":"⌛ Validating pepita.wlk","timeElapsed":776,"timestamp":"2026-08-17T13:31:51.699Z"}
{"level":"info","message":"⌛ Validating pepita.wlk","timeElapsed":265,"timestamp":"2026-08-17T13:31:51.968Z"}
{"level":"info","message":"⌛ Validating pepita.wlk","timeElapsed":238,"timestamp":"2026-08-17T13:31:52.208Z"}
{"level":"info","message":"⌛ Validating pepita.wlk","timeElapsed":247,"timestamp":"2026-08-17T13:31:52.458Z"}
{"level":"info","message":"⌛ Validating pepita.wlk","timeElapsed":238,"timestamp":"2026-08-17T13:31:52.702Z"}
{"level":"info","message":"⌛ Validating pepita.wlk","timeElapsed":245,"timestamp":"2026-08-17T13:31:52.951Z"}
{"level":"info","message":"⌛ Validating pepita.wlk","timeElapsed":251,"timestamp":"2026-08-17T13:31:53.209Z"}
{"level":"info","message":"⌛ Validating pepita.wlk","timeElapsed":235,"timestamp":"2026-08-17T13:31:53.448Z"}
{"level":"info","message":"⌛ Validating pepita.wlk","timeElapsed":434,"timestamp":"2026-08-17T13:31:53.941Z"}
{"level":"info","message":"⌛ Validating pepita.wlk","timeElapsed":746,"timestamp":"2026-08-17T13:31:54.687Z"}
{"level":"info","message":"⌛ Validating pepita.wlk","timeElapsed":374,"timestamp":"2026-08-17T13:31:55.061Z"}
{"level":"info","message":"⌛ Validating pepita.wlk","timeElapsed":281,"timestamp":"2026-08-17T13:31:55.342Z"}
{"level":"info","message":"⌛ Building environment","timeElapsed":646,"timestamp":"2026-08-17T13:32:20.940Z"}
{"level":"info","message":"⌛ Building environment","timeElapsed":278,"timestamp":"2026-08-17T13:32:21.260Z"}
{"level":"info","message":"⌛ Building environment","timeElapsed":477,"timestamp":"2026-08-17T13:32:21.775Z"}
{"level":"info","message":"⌛ Validating pepita.wlk","timeElapsed":351,"timestamp":"2026-08-17T13:32:22.176Z"}
{"level":"info","message":"⌛ Validating pepita.wlk","timeElapsed":602,"timestamp":"2026-08-17T13:32:22.785Z"}
{"level":"info","message":"⌛ Building environment","timeElapsed":388,"timestamp":"2026-08-17T13:32:23.177Z"}
{"level":"info","message":"⌛ Building environment","timeElapsed":572,"timestamp":"2026-08-17T13:32:23.772Z"}
{"level":"info","message":"⌛ Validating pepita.wlk","timeElapsed":467,"timestamp":"2026-08-17T13:32:24.267Z"}
{"level":"info","message":"⌛ Building environment","timeElapsed":269,"timestamp":"2026-08-17T13:32:24.541Z"}
{"level":"info","message":"⌛ Building environment","timeElapsed":281,"timestamp":"2026-08-17T13:32:24.824Z"}
{"level":"info","message":"⌛ Building environment","timeElapsed":294,"timestamp":"2026-08-17T13:32:25.127Z"}
{"level":"info","message":"⌛ Building environment","timeElapsed":216,"timestamp":"2026-08-17T13:32:25.349Z"}
{"level":"info","message":"⌛ Validating pepita.wlk","timeElapsed":356,"timestamp":"2026-08-17T13:32:25.754Z"}
{"level":"info","message":"⌛ Building environment","timeElapsed":229,"timestamp":"2026-08-17T13:32:26.002Z"}
{"level":"info","message":"⌛ Building environment","timeElapsed":274,"timestamp":"2026-08-17T13:32:26.280Z"}
{"level":"info","message":"⌛ Validating pepita.wlk","timeElapsed":592,"timestamp":"2026-08-17T13:32:26.881Z"}
{"level":"info","message":"⌛ Validating pepita.wlk","timeElapsed":291,"timestamp":"2026-08-17T13:32:27.190Z"}
{"level":"info","message":"⌛ Validating pepita.wlk","timeElapsed":739,"timestamp":"2026-08-17T13:32:27.930Z"}
{"level":"info","message":"⌛ Validating pepita.wlk","timeElapsed":312,"timestamp":"2026-08-17T13:32:28.243Z"}
{"level":"info","message":"⌛ Validating pepita.wlk","timeElapsed":333,"timestamp":"2026-08-17T13:32:28.579Z"}
{"level":"info","message":"⌛ Validating pepita.wlk","timeElapsed":302,"timestamp":"2026-08-17T13:32:28.886Z"}
{"level":"info","message":"⌛ Validating pepita.wlk","timeElapsed":243,"timestamp":"2026-08-17T13:32:29.133Z"}
{"level":"info","message":"⌛ Building environment","timeElapsed":455,"timestamp":"2026-08-17T13:32:29.592Z"}
{"level":"info","message":"⌛ Building environment","timeElapsed":552,"timestamp":"2026-08-17T13:32:30.152Z"}
{"level":"info","message":"⌛ Building environment","timeElapsed":328,"timestamp":"2026-08-17T13:32:30.519Z"}
{"level":"info","message":"⌛ Building environment","timeElapsed":455,"timestamp":"2026-08-17T13:32:30.989Z"}
{"level":"info","message":"⌛ Building environment","timeElapsed":1130,"timestamp":"2026-08-17T13:32:32.122Z"}
{"level":"info","message":"⌛ Validating pepita.wlk","timeElapsed":998,"timestamp":"2026-08-17T13:32:33.122Z"}
{"level":"info","message":"⌛ Building environment","timeElapsed":451,"timestamp":"2026-08-17T13:32:33.575Z"}
{"level":"info","message":"⌛ Building environment","timeElapsed":464,"timestamp":"2026-08-17T13:32:34.056Z"}
{"level":"info","message":"⌛ Validating pepita.wlk","timeElapsed":489,"timestamp":"2026-08-17T13:32:34.594Z"}
{"level":"info","message":"⌛ Validating pepita.wlk","timeElapsed":933,"timestamp":"2026-08-17T13:32:35.583Z"}
{"level":"info","message":"⌛ Building environment","timeElapsed":354,"timestamp":"2026-08-17T13:32:35.941Z"}
{"level":"info","message":"⌛ Building environment","timeElapsed":555,"timestamp":"2026-08-17T13:32:36.507Z"}
{"level":"info","message":"⌛ Validating pepita.wlk","timeElapsed":803,"timestamp":"2026-08-17T13:32:37.326Z"}
{"level":"info","message":"⌛ Building environment","timeElapsed":233,"timestamp":"2026-08-17T13:32:37.616Z"}
{"level":"info","message":"⌛ Building environment","timeElapsed":1125,"timestamp":"2026-08-17T13:32:38.801Z"}
{"level":"info","message":"⌛ Building environment","timeElapsed":486,"timestamp":"2026-08-17T13:32:39.291Z"}
{"level":"info","message":"⌛ Validating pepita.wlk","timeElapsed":525,"timestamp":"2026-08-17T13:32:40.100Z"}
{"level":"info","message":"⌛ Validating pepita.wlk","timeElapsed":621,"timestamp":"2026-08-17T13:32:40.724Z"}
{"level":"info","message":"⌛ Validating pepita.wlk","timeElapsed":1206,"timestamp":"2026-08-17T13:32:41.940Z"}
{"level":"info","message":"⌛ Validating pepita.wlk","timeElapsed":589,"timestamp":"2026-08-17T13:32:42.537Z"}
{"level":"info","message":"⌛ Validating pepita.wlk","timeElapsed":358,"timestamp":"2026-08-17T13:32:42.899Z"}
{"level":"info","message":"⌛ Building environment","timeElapsed":648,"timestamp":"2026-08-17T13:32:43.551Z"}
{"level":"info","message":"⌛ Validating pepita.wlk","timeElapsed":522,"timestamp":"2026-08-17T13:32:44.139Z"}
{"level":"info","message":"⌛ Validating pepita.wlk","timeElapsed":379,"timestamp":"2026-08-17T13:32:44.521Z"}
{"level":"info","message":"⌛ Validating pepita.wlk","timeElapsed":398,"timestamp":"2026-08-17T13:32:44.925Z"}
{"level":"info","message":"⌛ Validating pepita.wlk","timeElapsed":288,"timestamp":"2026-08-17T13:32:45.220Z"}
{"level":"info","message":"⌛ Building environment","timeElapsed":415,"timestamp":"2026-08-17T13:32:54.681Z"}
{"level":"info","message":"⌛ Validating pepita.wlk","timeElapsed":355,"timestamp":"2026-08-17T13:32:55.048Z"}
{"level":"info","message":"⌛ Building environment","timeElapsed":535,"timestamp":"2026-08-17T13:32:55.689Z"}
{"level":"info","message":"⌛ Building environment","timeElapsed":400,"timestamp":"2026-08-17T13:32:56.105Z"}
{"level":"info","message":"⌛ Validating pepita.wlk","timeElapsed":399,"timestamp":"2026-08-17T13:32:56.555Z"}
{"level":"info","message":"⌛ Validating pepita.wlk","timeElapsed":495,"timestamp":"2026-08-17T13:32:57.054Z"}
{"level":"info","message":"⌛ Building environment","timeElapsed":1027,"timestamp":"2026-08-17T13:33:50.862Z"}
{"level":"info","message":"⌛ Building environment","timeElapsed":391,"timestamp":"2026-08-17T13:33:51.368Z"}
{"level":"info","message":"⌛ Building environment","timeElapsed":437,"timestamp":"2026-08-17T13:33:51.847Z"}
{"level":"info","message":"⌛ Validating pepita.wlk","timeElapsed":329,"timestamp":"2026-08-17T13:33:52.217Z"}
{"level":"info","message":"⌛ Validating pepita.wlk","timeElapsed":426,"timestamp":"2026-08-17T13:33:52.643Z"}
{"level":"info","message":"⌛ Building environment","timeElapsed":203,"timestamp":"2026-08-17T13:33:52.851Z"}
{"level":"info","message":"⌛ Validating pepita.wlk","timeElapsed":283,"timestamp":"2026-08-17T13:33:53.193Z"}
{"level":"info","message":"⌛ Building environment","timeElapsed":626,"timestamp":"2026-08-17T13:33:53.828Z"}
{"level":"info","message":"⌛ Validating pepita.wlk","timeElapsed":962,"timestamp":"2026-08-17T13:33:54.862Z"}
{"level":"info","message":"⌛ Building environment","timeElapsed":432,"timestamp":"2026-08-17T13:33:55.361Z"}
{"level":"info","message":"⌛ Validating pepita.wlk","timeElapsed":410,"timestamp":"2026-08-17T13:33:55.775Z"}
{"level":"info","message":"⌛ Validating pepita.wlk","timeElapsed":276,"timestamp":"2026-08-17T13:33:56.131Z"}
{"level":"info","message":"⌛ Building environment","timeElapsed":719,"timestamp":"2026-08-17T13:34:03.220Z"}
{"level":"info","message":"⌛ Building environment","timeElapsed":478,"timestamp":"2026-08-17T13:34:03.700Z"}
{"level":"info","message":"⌛ Validating pepita.wlk","timeElapsed":1664,"timestamp":"2026-08-17T13:34:05.401Z"}
{"level":"info","message":"⌛ Validating pepita.wlk","timeElapsed":1158,"timestamp":"2026-08-17T13:34:06.560Z"}
{"level":"info","message":"⌛ Building environment","timeElapsed":325,"timestamp":"2026-08-17T13:34:06.886Z"}
{"level":"info","message":"⌛ Building environment","timeElapsed":568,"timestamp":"2026-08-17T13:34:07.521Z"}
{"level":"info","message":"⌛ Building environment","timeElapsed":504,"timestamp":"2026-08-17T13:34:08.057Z"}
{"level":"info","message":"⌛ Building environment","timeElapsed":719,"timestamp":"2026-08-17T13:34:08.803Z"}
{"level":"info","message":"⌛ Building environment","timeElapsed":720,"timestamp":"2026-08-17T13:34:09.551Z"}
{"level":"info","message":"⌛ Building environment","timeElapsed":353,"timestamp":"2026-08-17T13:34:10.114Z"}
{"level":"info","message":"⌛ Building environment","timeElapsed":682,"timestamp":"2026-08-17T13:34:10.831Z"}
{"level":"info","message":"⌛ Building environment","timeElapsed":1882,"timestamp":"2026-08-17T13:34:12.847Z"}
{"level":"info","message":"⌛ Building environment","timeElapsed":482,"timestamp":"2026-08-17T13:34:13.433Z"}
{"level":"info","message":"⌛ Building environment","timeElapsed":538,"timestamp":"2026-08-17T13:34:13.990Z"}
{"level":"info","message":"⌛ Building environment","timeElapsed":535,"timestamp":"2026-08-17T13:34:14.529Z"}
{"level":"info","message":"⌛ Building environment","timeElapsed":389,"timestamp":"2026-08-17T13:34:14.921Z"}
{"level":"info","message":"⌛ Validating pepita.wlk","timeElapsed":557,"timestamp":"2026-08-17T13:34:15.556Z"}
{"level":"info","message":"⌛ Building environment","timeElapsed":437,"timestamp":"2026-08-17T13:34:15.998Z"}
{"level":"info","message":"⌛ Building environment","timeElapsed":376,"timestamp":"2026-08-17T13:34:16.403Z"}
{"level":"info","message":"⌛ Building environment","timeElapsed":1157,"timestamp":"2026-08-17T13:34:17.569Z"}
{"level":"info","message":"⌛ Building environment","timeElapsed":534,"timestamp":"2026-08-17T13:34:18.129Z"}
{"level":"info","message":"⌛ Validating pepita.wlk","timeElapsed":595,"timestamp":"2026-08-17T13:34:18.795Z"}
{"level":"info","message":"⌛ Building environment","timeElapsed":398,"timestamp":"2026-08-17T13:34:19.210Z"}
{"level":"info","message":"⌛ Validating pepita.wlk","timeElapsed":804,"timestamp":"2026-08-17T13:34:20.019Z"}
{"level":"info","message":"⌛ Validating pepita.wlk","timeElapsed":928,"timestamp":"2026-08-17T13:34:20.982Z"}
{"level":"info","message":"⌛ Validating pepita.wlk","timeElapsed":813,"timestamp":"2026-08-17T13:34:21.796Z"}
{"level":"info","message":"⌛ Validating pepita.wlk","timeElapsed":1039,"timestamp":"2026-08-17T13:34:22.836Z"}
{"level":"info","message":"⌛ Validating pepita.wlk","timeElapsed":341,"timestamp":"2026-08-17T13:34:23.182Z"}
{"level":"info","message":"⌛ Building environment","timeElapsed":268,"timestamp":"2026-08-17T13:34:23.452Z"}
{"level":"info","message":"⌛ Building environment","timeElapsed":291,"timestamp":"2026-08-17T13:34:23.770Z"}
{"level":"info","message":"⌛ Building environment","timeElapsed":286,"timestamp":"2026-08-17T13:34:24.086Z"}
{"level":"info","message":"⌛ Building environment","timeElapsed":239,"timestamp":"2026-08-17T13:34:24.351Z"}
{"level":"info","message":"⌛ Building environment","timeElapsed":280,"timestamp":"2026-08-17T13:34:24.670Z"}
{"level":"info","message":"⌛ Building environment","timeElapsed":720,"timestamp":"2026-08-17T13:34:25.466Z"}
{"level":"info","message":"⌛ Building environment","timeElapsed":356,"timestamp":"2026-08-17T13:34:25.863Z"}
{"level":"info","message":"⌛ Building environment","timeElapsed":278,"timestamp":"2026-08-17T13:34:26.142Z"}
{"level":"info","message":"⌛ Building environment","timeElapsed":323,"timestamp":"2026-08-17T13:34:26.483Z"}
{"level":"info","message":"⌛ Building environment","timeElapsed":332,"timestamp":"2026-08-17T13:34:26.866Z"}
{"level":"info","message":"⌛ Building environment","timeElapsed":231,"timestamp":"2026-08-17T13:34:27.291Z"}
{"level":"info","message":"⌛ Validating pepita.wlk","timeElapsed":703,"timestamp":"2026-08-17T13:34:28.033Z"}
{"level":"info","message":"⌛ Building environment","timeElapsed":282,"timestamp":"2026-08-17T13:34:28.340Z"}
{"level":"info","message":"⌛ Building environment","timeElapsed":244,"timestamp":"2026-08-17T13:34:28.620Z"}
{"level":"info","message":"⌛ Validating pepita.wlk","timeElapsed":404,"timestamp":"2026-08-17T13:34:29.076Z"}
{"level":"info","message":"⌛ Validating pepita.wlk","timeElapsed":384,"timestamp":"2026-08-17T13:34:29.462Z"}
{"level":"info","message":"⌛ Validating pepita.wlk","timeElapsed":299,"timestamp":"2026-08-17T13:34:29.765Z"}
{"level":"info","message":"⌛ Validating pepita.wlk","timeElapsed":301,"timestamp":"2026-08-17T13:34:30.069Z"}
{"level":"info","message":"⌛ Building environment","timeElapsed":238,"timestamp":"2026-08-17T13:34:30.320Z"}
{"level":"info","message":"⌛ Validating pepita.wlk","timeElapsed":385,"timestamp":"2026-08-17T13:34:30.742Z"}
{"level":"info","message":"⌛ Validating pepita.wlk","timeElapsed":320,"timestamp":"2026-08-17T13:34:31.065Z"}
{"level":"info","message":"⌛ Building environment","timeElapsed":256,"timestamp":"2026-08-17T13:34:31.325Z"}
{"level":"info","message":"⌛ Building environment","timeElapsed":270,"timestamp":"2026-08-17T13:34:31.601Z"}
{"level":"info","message":"⌛ Building environment","timeElapsed":257,"timestamp":"2026-08-17T13:34:31.866Z"}
{"level":"info","message":"⌛ Validating pepita.wlk","timeElapsed":342,"timestamp":"2026-08-17T13:34:32.217Z"}
{"level":"info","message":"⌛ Validating pepita.wlk","timeElapsed":328,"timestamp":"2026-08-17T13:34:32.558Z"}
{"level":"info","message":"⌛ Building environment","timeElapsed":297,"timestamp":"2026-08-17T13:34:32.856Z"}
{"level":"info","message":"⌛ Validating pepita.wlk","timeElapsed":321,"timestamp":"2026-08-17T13:34:33.211Z"}
{"level":"info","message":"⌛ Validating pepita.wlk","timeElapsed":297,"timestamp":"2026-08-17T13:34:33.511Z"}
{"level":"info","message":"⌛ Validating pepita.wlk","timeElapsed":344,"timestamp":"2026-08-17T13:34:33.857Z"}
{"level":"info","message":"⌛ Validating pepita.wlk","timeElapsed":300,"timestamp":"2026-08-17T13:34:34.162Z"}
{"level":"info","message":"⌛ Validating pepita.wlk","timeElapsed":321,"timestamp":"2026-08-17T13:34:34.486Z"}
{"level":"info","message":"⌛ Validating pepita.wlk","timeElapsed":316,"timestamp":"2026-08-17T13:34:34.808Z"}
{"level":"info","message":"⌛ Validating pepita.wlk","timeElapsed":296,"timestamp":"2026-08-17T13:34:35.107Z"}
{"level":"info","message":"⌛ Validating pepita.wlk","timeElapsed":297,"timestamp":"2026-08-17T13:34:35.408Z"}
{"level":"info","message":"⌛ Validating pepita.wlk","timeElapsed":368,"timestamp":"2026-08-17T13:34:35.780Z"}
{"level":"info","message":"⌛ Validating pepita.wlk","timeElapsed":340,"timestamp":"2026-08-17T13:34:36.125Z"}
{"level":"info","message":"⌛ Validating pepita.wlk","timeElapsed":319,"timestamp":"2026-08-17T13:34:36.447Z"}
{"level":"info","message":"⌛ Validating pepita.wlk","timeElapsed":805,"timestamp":"2026-08-17T13:34:37.257Z"}
{"level":"info","message":"⌛ Validating pepita.wlk","timeElapsed":319,"timestamp":"2026-08-17T13:34:37.581Z"}
{"level":"info","message":"⌛ Validating pepita.wlk","timeElapsed":454,"timestamp":"2026-08-17T13:34:38.047Z"}
{"level":"info","message":"⌛ Validating pepita.wlk","timeElapsed":313,"timestamp":"2026-08-17T13:34:38.361Z"}
{"level":"info","message":"⌛ Validating pepita.wlk","timeElapsed":301,"timestamp":"2026-08-17T13:34:38.665Z"}
{"level":"info","message":"⌛ Validating pepita.wlk","timeElapsed":448,"timestamp":"2026-08-17T13:34:39.113Z"}
{"level":"info","message":"⌛ Validating pepita.wlk","timeElapsed":360,"timestamp":"2026-08-17T13:34:39.474Z"}
{"level":"info","message":"⌛ Validating pepita.wlk","timeElapsed":333,"timestamp":"2026-08-17T13:34:39.811Z"}
{"level":"info","message":"⌛ Building environment","timeElapsed":2065,"timestamp":"2026-08-17T13:41:49.491Z"}
{"level":"info","message":"⌛ Building environment","timeElapsed":815,"timestamp":"2026-08-17T13:41:50.310Z"}
{"level":"info","message":"⌛ Building environment","timeElapsed":1104,"timestamp":"2026-08-17T13:41:51.474Z"}
{"level":"info","message":"⌛ Building environment","timeElapsed":556,"timestamp":"2026-08-17T13:41:52.308Z"}
{"level":"info","message":"⌛ Building environment","timeElapsed":870,"timestamp":"2026-08-17T13:41:53.194Z"}
{"level":"info","message":"⌛ Building environment","timeElapsed":653,"timestamp":"2026-08-17T13:41:53.854Z"}
{"level":"info","message":"⌛ Building environment","timeElapsed":703,"timestamp":"2026-08-17T13:41:54.590Z"}
{"level":"info","message":"⌛ Building environment","timeElapsed":1533,"timestamp":"2026-08-17T13:41:56.371Z"}
{"level":"info","message":"⌛ Validating pepita.wlk","timeElapsed":2146,"timestamp":"2026-08-17T13:41:58.565Z"}
{"level":"info","message":"⌛ Validating pepita.wlk","timeElapsed":836,"timestamp":"2026-08-17T13:41:59.424Z"}
{"level":"info","message":"⌛ Building environment","timeElapsed":975,"timestamp":"2026-08-17T13:42:00.402Z"}
{"level":"info","message":"⌛ Building environment","timeElapsed":631,"timestamp":"2026-08-17T13:42:01.050Z"}
{"level":"info","message":"⌛ Validating pepita.wlk","timeElapsed":785,"timestamp":"2026-08-17T13:42:01.872Z"}
{"level":"info","message":"⌛ Validating pepita.wlk","timeElapsed":2690,"timestamp":"2026-08-17T13:42:04.625Z"}
{"level":"info","message":"⌛ Building environment","timeElapsed":1152,"timestamp":"2026-08-17T13:42:05.805Z"}
{"level":"info","message":"⌛ Building environment","timeElapsed":568,"timestamp":"2026-08-17T13:42:06.478Z"}
{"level":"info","message":"⌛ Validating pepita.wlk","timeElapsed":1557,"timestamp":"2026-08-17T13:42:08.176Z"}
{"level":"info","message":"⌛ Validating pepita.wlk","timeElapsed":1084,"timestamp":"2026-08-17T13:42:09.262Z"}
{"level":"info","message":"⌛ Building environment","timeElapsed":764,"timestamp":"2026-08-17T13:42:10.041Z"}
{"level":"info","message":"⌛ Building environment","timeElapsed":450,"timestamp":"2026-08-17T13:42:10.561Z"}
{"level":"info","message":"⌛ Building environment","timeElapsed":1157,"timestamp":"2026-08-17T13:42:11.854Z"}
{"level":"info","message":"⌛ Building environment","timeElapsed":1040,"timestamp":"2026-08-17T13:42:12.944Z"}
{"level":"info","message":"⌛ Building environment","timeElapsed":505,"timestamp":"2026-08-17T13:42:13.487Z"}
{"level":"info","message":"⌛ Building environment","timeElapsed":605,"timestamp":"2026-08-17T13:42:14.255Z"}
{"level":"info","message":"⌛ Validating pepita.wlk","timeElapsed":990,"timestamp":"2026-08-17T13:42:15.392Z"}
{"level":"info","message":"⌛ Building environment","timeElapsed":849,"timestamp":"2026-08-17T13:42:16.291Z"}
{"level":"info","message":"⌛ Building environment","timeElapsed":625,"timestamp":"2026-08-17T13:42:16.959Z"}
{"level":"info","message":"⌛ Building environment","timeElapsed":485,"timestamp":"2026-08-17T13:42:17.508Z"}
{"level":"info","message":"⌛ Building environment","timeElapsed":662,"timestamp":"2026-08-17T13:42:18.201Z"}
{"level":"info","message":"⌛ Building environment","timeElapsed":1932,"timestamp":"2026-08-17T13:42:20.474Z"}
{"level":"info","message":"⌛ Building environment","timeElapsed":537,"timestamp":"2026-08-17T13:42:21.120Z"}
{"level":"info","message":"⌛ Building environment","timeElapsed":880,"timestamp":"2026-08-17T13:42:22.072Z"}
{"level":"info","message":"⌛ Building environment","timeElapsed":612,"timestamp":"2026-08-17T13:42:22.706Z"}
{"level":"info","message":"⌛ Building environment","timeElapsed":307,"timestamp":"2026-08-17T13:42:23.038Z"}
{"level":"info","message":"⌛ Building environment","timeElapsed":417,"timestamp":"2026-08-17T13:42:23.474Z"}
{"level":"info","message":"⌛ Building environment","timeElapsed":518,"timestamp":"2026-08-17T13:42:24.060Z"}
{"level":"info","message":"⌛ Building environment","timeElapsed":450,"timestamp":"2026-08-17T13:42:24.532Z"}
{"level":"info","message":"⌛ Building environment","timeElapsed":683,"timestamp":"2026-08-17T13:42:25.302Z"}
{"level":"info","message":"⌛ Validating pepita.wlk","timeElapsed":1068,"timestamp":"2026-08-17T13:42:26.522Z"}
{"level":"info","message":"⌛ Validating pepita.wlk","timeElapsed":831,"timestamp":"2026-08-17T13:42:27.356Z"}
{"level":"info","message":"⌛ Validating pepita.wlk","timeElapsed":1037,"timestamp":"2026-08-17T13:42:28.398Z"}
{"level":"info","message":"⌛ Validating pepita.wlk","timeElapsed":433,"timestamp":"2026-08-17T13:42:28.834Z"}
{"level":"info","message":"⌛ Validating pepita.wlk","timeElapsed":484,"timestamp":"2026-08-17T13:42:29.342Z"}
{"level":"info","message":"⌛ Validating pepita.wlk","timeElapsed":993,"timestamp":"2026-08-17T13:42:30.356Z"}
{"level":"info","message":"⌛ Validating pepita.wlk","timeElapsed":427,"timestamp":"2026-08-17T13:42:30.788Z"}
{"level":"info","message":"⌛ Validating pepita.wlk","timeElapsed":344,"timestamp":"2026-08-17T13:42:31.137Z"}
{"level":"info","message":"⌛ Validating pepita.wlk","timeElapsed":381,"timestamp":"2026-08-17T13:42:31.521Z"}
{"level":"info","message":"⌛ Validating pepita.wlk","timeElapsed":363,"timestamp":"2026-08-17T13:42:31.888Z"}
{"level":"info","message":"⌛ Building environment","timeElapsed":480,"timestamp":"2026-08-17T13:42:32.374Z"}
{"level":"info","message":"⌛ Building environment","timeElapsed":424,"timestamp":"2026-08-17T13:42:33.105Z"}
{"level":"info","message":"⌛ Building environment","timeElapsed":796,"timestamp":"2026-08-17T13:42:33.953Z"}
{"level":"info","message":"⌛ Building environment","timeElapsed":364,"timestamp":"2026-08-17T13:42:34.387Z"}
{"level":"info","message":"⌛ Validating pepita.wlk","timeElapsed":588,"timestamp":"2026-08-17T13:42:35.009Z"}
{"level":"info","message":"⌛ Building environment","timeElapsed":970,"timestamp":"2026-08-17T13:42:35.988Z"}
{"level":"info","message":"⌛ Building environment","timeElapsed":446,"timestamp":"2026-08-17T13:42:36.452Z"}
{"level":"info","message":"⌛ Building environment","timeElapsed":694,"timestamp":"2026-08-17T13:42:37.150Z"}
{"level":"info","message":"⌛ Building environment","timeElapsed":281,"timestamp":"2026-08-17T13:42:37.433Z"}
{"level":"info","message":"⌛ Building environment","timeElapsed":242,"timestamp":"2026-08-17T13:42:37.718Z"}
{"level":"info","message":"⌛ Building environment","timeElapsed":267,"timestamp":"2026-08-17T13:42:37.989Z"}
{"level":"info","message":"⌛ Building environment","timeElapsed":252,"timestamp":"2026-08-17T13:42:38.267Z"}
{"level":"info","message":"⌛ Building environment","timeElapsed":2140,"timestamp":"2026-08-17T13:42:40.452Z"}
{"level":"info","message":"⌛ Building environment","timeElapsed":778,"timestamp":"2026-08-17T13:42:41.233Z"}
{"level":"info","message":"⌛ Building environment","timeElapsed":449,"timestamp":"2026-08-17T13:42:41.739Z"}
{"level":"info","message":"⌛ Validating pepita.wlk","timeElapsed":945,"timestamp":"2026-08-17T13:42:42.684Z"}
{"level":"info","message":"⌛ Building environment","timeElapsed":367,"timestamp":"2026-08-17T13:42:43.070Z"}
{"level":"info","message":"⌛ Building environment","timeElapsed":289,"timestamp":"2026-08-17T13:42:43.386Z"}
{"level":"info","message":"⌛ Building environment","timeElapsed":457,"timestamp":"2026-08-17T13:42:43.874Z"}
{"level":"info","message":"⌛ Building environment","timeElapsed":712,"timestamp":"2026-08-17T13:42:44.604Z"}
{"level":"info","message":"⌛ Building environment","timeElapsed":486,"timestamp":"2026-08-17T13:42:45.091Z"}
{"level":"info","message":"⌛ Building environment","timeElapsed":497,"timestamp":"2026-08-17T13:42:45.590Z"}
{"level":"info","message":"⌛ Building environment","timeElapsed":437,"timestamp":"2026-08-17T13:42:46.091Z"}
{"level":"info","message":"⌛ Building environment","timeElapsed":1818,"timestamp":"2026-08-17T13:42:48.141Z"}
{"level":"info","message":"⌛ Building environment","timeElapsed":321,"timestamp":"2026-08-17T13:42:48.517Z"}
{"level":"info","message":"⌛ Building environment","timeElapsed":359,"timestamp":"2026-08-17T13:42:48.919Z"}
{"level":"info","message":"⌛ Validating pepita.wlk","timeElapsed":420,"timestamp":"2026-08-17T13:42:49.398Z"}
{"level":"info","message":"⌛ Validating pepita.wlk","timeElapsed":357,"timestamp":"2026-08-17T13:42:49.758Z"}
{"level":"info","message":"⌛ Validating pepita.wlk","timeElapsed":353,"timestamp":"2026-08-17T13:42:50.117Z"}
{"level":"info","message":"⌛ Validating pepita.wlk","timeElapsed":333,"timestamp":"2026-08-17T13:42:50.453Z"}
{"level":"info","message":"⌛ Validating pepita.wlk","timeElapsed":349,"timestamp":"2026-08-17T13:42:50.806Z"}
{"level":"info","message":"⌛ Validating pepita.wlk","timeElapsed":324,"timestamp":"2026-08-17T13:42:51.136Z"}
{"level":"info","message":"⌛ Validating pepita.wlk","timeElapsed":318,"timestamp":"2026-08-17T13:42:51.458Z"}
{"level":"info","message":"⌛ Validating pepita.wlk","timeElapsed":408,"timestamp":"2026-08-17T13:42:51.872Z"}
{"level":"info","message":"⌛ Validating pepita.wlk","timeElapsed":2831,"timestamp":"2026-08-17T13:42:54.714Z"}
{"level":"info","message":"⌛ Validating pepita.wlk","timeElapsed":1169,"timestamp":"2026-08-17T13:42:55.887Z"}
{"level":"info","message":"⌛ Validating pepita.wlk","timeElapsed":377,"timestamp":"2026-08-17T13:42:56.268Z"}
{"level":"info","message":"⌛ Validating pepita.wlk","timeElapsed":364,"timestamp":"2026-08-17T13:42:56.637Z"}
{"level":"info","message":"⌛ Validating pepita.wlk","timeElapsed":413,"timestamp":"2026-08-17T13:42:57.053Z"}
{"level":"info","message":"⌛ Validating pepita.wlk","timeElapsed":1007,"timestamp":"2026-08-17T13:42:58.064Z"}
{"level":"info","message":"⌛ Validating pepita.wlk","timeElapsed":617,"timestamp":"2026-08-17T13:42:58.685Z"}
{"level":"info","message":"⌛ Validating pepita.wlk","timeElapsed":449,"timestamp":"2026-08-17T13:42:59.139Z"}
{"level":"info","message":"⌛ Validating pepita.wlk","timeElapsed":326,"timestamp":"2026-08-17T13:42:59.468Z"}
{"level":"info","message":"⌛ Validating pepita.wlk","timeElapsed":1082,"timestamp":"2026-08-17T13:43:00.556Z"}
{"level":"info","message":"⌛ Validating pepita.wlk","timeElapsed":308,"timestamp":"2026-08-17T13:43:00.868Z"}
{"level":"info","message":"⌛ Validating pepita.wlk","timeElapsed":238,"timestamp":"2026-08-17T13:43:01.110Z"}
{"level":"info","message":"⌛ Validating pepita.wlk","timeElapsed":235,"timestamp":"2026-08-17T13:43:01.349Z"}
{"level":"info","message":"⌛ Validating pepita.wlk","timeElapsed":250,"timestamp":"2026-08-17T13:43:01.605Z"}
{"level":"info","message":"⌛ Validating pepita.wlk","timeElapsed":444,"timestamp":"2026-08-17T13:43:02.051Z"}
{"level":"info","message":"⌛ Building environment","timeElapsed":1532,"timestamp":"2026-08-17T13:43:03.588Z"}
{"level":"info","message":"⌛ Autocomplete - Package","timeElapsed":375,"timestamp":"2026-08-17T13:43:04.134Z"}
{"level":"info","message":"⌛ Building environment","timeElapsed":580,"timestamp":"2026-08-17T13:43:04.805Z"}
{"level":"info","message":"⌛ Autocomplete - Package","timeElapsed":109,"timestamp":"2026-08-17T13:43:04.945Z"}
{"level":"info","message":"⌛ Building environment","timeElapsed":555,"timestamp":"2026-08-17T13:43:05.514Z"}
{"level":"info","message":"⌛ Validating pepita.wlk","timeElapsed":672,"timestamp":"2026-08-17T13:43:06.214Z"}
{"level":"info","message":"⌛ Building environment","timeElapsed":1242,"timestamp":"2026-08-17T13:43:07.471Z"}
{"level":"info","message":"⌛ Building environment","timeElapsed":443,"timestamp":"2026-08-17T13:43:07.963Z"}
{"level":"info","message":"⌛ Validating pepita.wlk","timeElapsed":685,"timestamp":"2026-08-17T13:43:08.697Z"}
{"level":"info","message":"⌛ Building environment","timeElapsed":1706,"timestamp":"2026-08-17T13:43:10.513Z"}
{"level":"info","message":"⌛ Building environment","timeElapsed":519,"timestamp":"2026-08-17T13:43:11.035Z"}
{"level":"info","message":"⌛ Validating pepita.wlk","timeElapsed":1505,"timestamp":"2026-08-17T13:43:12.541Z"}
{"level":"info","message":"⌛ Building environment","timeElapsed":461,"timestamp":"2026-08-17T13:43:13.011Z"}
{"level":"info","message":"⌛ Building environment","timeElapsed":468,"timestamp":"2026-08-17T13:43:13.491Z"}
{"level":"info","message":"⌛ Building environment","timeElapsed":367,"timestamp":"2026-08-17T13:43:14.014Z"}
{"level":"info","message":"⌛ Building environment","timeElapsed":465,"timestamp":"2026-08-17T13:43:14.489Z"}
{"level":"info","message":"⌛ Validating pepita.wlk","timeElapsed":436,"timestamp":"2026-08-17T13:43:14.947Z"}
{"level":"info","message":"⌛ Validating pepita.wlk","timeElapsed":278,"timestamp":"2026-08-17T13:43:15.229Z"}
{"level":"info","message":"⌛ Building environment","timeElapsed":268,"timestamp":"2026-08-17T13:43:15.503Z"}
{"level":"info","message":"⌛ Building environment","timeElapsed":477,"timestamp":"2026-08-17T13:43:15.990Z"}
{"level":"info","message":"⌛ Building environment","timeElapsed":596,"timestamp":"2026-08-17T13:43:16.589Z"}
{"level":"info","message":"⌛ Validating pepita.wlk","timeElapsed":424,"timestamp":"2026-08-17T13:43:17.024Z"}
{"level":"info","message":"⌛ Building environment","timeElapsed":325,"timestamp":"2026-08-17T13:43:17.353Z"}
{"level":"info","message":"⌛ Building environment","timeElapsed":340,"timestamp":"2026-08-17T13:43:17.697Z"}
{"level":"info","message":"⌛ Building environment","timeElapsed":1382,"timestamp":"2026-08-17T13:43:19.085Z"}
{"level":"info","message":"⌛ Building environment","timeElapsed":256,"timestamp":"2026-08-17T13:43:19.384Z"}
{"level":"info","message":"⌛ Building environment","timeElapsed":244,"timestamp":"2026-08-17T13:43:19.672Z"}
{"level":"info","message":"⌛ Validating pepita.wlk","timeElapsed":294,"timestamp":"2026-08-17T13:43:20.050Z"}
{"level":"info","message":"⌛ Validating pepita.wlk","timeElapsed":274,"timestamp":"2026-08-17T13:43:20.330Z"}
{"level":"info","message":"⌛ Validating pepita.wlk","timeElapsed":296,"timestamp":"2026-08-17T13:43:20.631Z"}
{"level":"info","message":"⌛ Validating pepita.wlk","timeElapsed":270,"timestamp":"2026-08-17T13:43:20.905Z"}
{"level":"info","message":"⌛ Validating pepita.wlk","timeElapsed":263,"timestamp":"2026-08-17T13:43:21.174Z"}
{"level":"info","message":"⌛ Validating pepita.wlk","timeElapsed":264,"timestamp":"2026-08-17T13:43:21.445Z"}
{"level":"info","message":"⌛ Validating pepita.wlk","timeElapsed":270,"timestamp":"2026-08-17T13:43:21.719Z"}
{"level":"info","message":"⌛ Building environment","timeElapsed":227,"timestamp":"2026-08-17T13:43:21.951Z"}
{"level":"info","message":"⌛ Building environment","timeElapsed":261,"timestamp":"2026-08-17T13:43:22.215Z"}
{"level":"info","message":"⌛ Building environment","timeElapsed":252,"timestamp":"2026-08-17T13:43:22.481Z"}
{"level":"info","message":"⌛ Building environment","timeElapsed":254,"timestamp":"2026-08-17T13:43:22.740Z"}
{"level":"info","message":"⌛ Building environment","timeElapsed":204,"timestamp":"2026-08-17T13:43:22.954Z"}
{"level":"info","message":"⌛ Building environment","timeElapsed":239,"timestamp":"2026-08-17T13:43:23.200Z"}
{"level":"info","message":"⌛ Building environment","timeElapsed":727,"timestamp":"2026-08-17T13:43:23.931Z"}
{"level":"info","message":"⌛ Building environment","timeElapsed":192,"timestamp":"2026-08-17T13:43:24.148Z"}
{"level":"info","message":"⌛ Building environment","timeElapsed":230,"timestamp":"2026-08-17T13:43:24.424Z"}
{"level":"info","message":"⌛ Building environment","timeElapsed":180,"timestamp":"2026-08-17T13:43:24.640Z"}
{"level":"info","message":"⌛ Building environment","timeElapsed":180,"timestamp":"2026-08-17T13:43:24.854Z"}
{"level":"info","message":"⌛ Building environment","timeElapsed":184,"timestamp":"2026-08-17T13:43:25.071Z"}
{"level":"info","message":"⌛ Building environment","timeElapsed":176,"timestamp":"2026-08-17T13:43:25.290Z"}
{"level":"info","message":"⌛ Building environment","timeElapsed":184,"timestamp":"2026-08-17T13:43:25.513Z"}
{"level":"info","message":"⌛ Building environment","timeElapsed":189,"timestamp":"2026-08-17T13:43:25.734Z"}
{"level":"info","message":"⌛ Validating pepita.wlk","timeElapsed":249,"timestamp":"2026-08-17T13:43:26.033Z"}
{"level":"info","message":"⌛ Building environment","timeElapsed":176,"timestamp":"2026-08-17T13:43:26.212Z"}
{"level":"info","message":"⌛ Building environment","timeElapsed":252,"timestamp":"2026-08-17T13:43:26.470Z"}
{"level":"info","message":"⌛ Building environment","timeElapsed":367,"timestamp":"2026-08-17T13:43:26.850Z"}
{"level":"info","message":"⌛ Building environment","timeElapsed":248,"timestamp":"2026-08-17T13:43:27.135Z"}
{"level":"info","message":"⌛ Building environment","timeElapsed":296,"timestamp":"2026-08-17T13:43:27.485Z"}
{"level":"info","message":"⌛ Building environment","timeElapsed":576,"timestamp":"2026-08-17T13:43:28.103Z"}
{"level":"info","message":"⌛ Building environment","timeElapsed":444,"timestamp":"2026-08-17T13:43:28.548Z"}
{"level":"info","message":"⌛ Building environment","timeElapsed":489,"timestamp":"2026-08-17T13:43:29.038Z"}
{"level":"info","message":"⌛ Building environment","timeElapsed":211,"timestamp":"2026-08-17T13:43:29.299Z"}
{"level":"info","message":"⌛ Building environment","timeElapsed":806,"timestamp":"2026-08-17T13:43:30.154Z"}
{"level":"info","message":"⌛ Building environment","timeElapsed":406,"timestamp":"2026-08-17T13:43:30.618Z"}
{"level":"info","message":"⌛ Building environment","timeElapsed":259,"timestamp":"2026-08-17T13:43:30.932Z"}
{"level":"info","message":"⌛ Building environment","timeElapsed":2241,"timestamp":"2026-08-17T13:43:33.282Z"}
{"level":"info","message":"⌛ Building environment","timeElapsed":226,"timestamp":"2026-08-17T13:43:33.533Z"}
{"level":"info","message":"⌛ Building environment","timeElapsed":299,"timestamp":"2026-08-17T13:43:33.843Z"}
{"level":"info","message":"⌛ Building environment","timeElapsed":274,"timestamp":"2026-08-17T13:43:34.159Z"}
{"level":"info","message":"⌛ Building environment","timeElapsed":246,"timestamp":"2026-08-17T13:43:34.434Z"}
{"level":"info","message":"⌛ Building environment","timeElapsed":737,"timestamp":"2026-08-17T13:43:35.174Z"}
{"level":"info","message":"⌛ Building environment","timeElapsed":3813,"timestamp":"2026-08-17T13:43:38.995Z"}
{"level":"info","message":"⌛ Building environment","timeElapsed":1424,"timestamp":"2026-08-17T13:43:40.433Z"}
{"level":"info","message":"⌛ Building environment","timeElapsed":954,"timestamp":"2026-08-17T13:43:41.455Z"}
{"level":"info","message":"⌛ Building environment","timeElapsed":916,"timestamp":"2026-08-17T13:43:42.431Z"}
{"level":"info","message":"⌛ Validating pepita.wlk","timeElapsed":678,"timestamp":"2026-08-17T13:43:43.179Z"}
{"level":"info","message":"⌛ Validating pepita.wlk","timeElapsed":620,"timestamp":"2026-08-17T13:43:43.801Z"}
{"level":"info","message":"⌛ Validating pepita.wlk","timeElapsed":518,"timestamp":"2026-08-17T13:43:44.328Z"}
{"level":"info","message":"⌛ Validating pepita.wlk","timeElapsed":439,"timestamp":"2026-08-17T13:43:44.772Z"}
{"level":"info","message":"⌛ Validating pepita.wlk","timeElapsed":989,"timestamp":"2026-08-17T13:43:45.771Z"}
{"level":"info","message":"⌛ Validating pepita.wlk","timeElapsed":329,"timestamp":"2026-08-17T13:43:46.110Z"}
{"level":"info","message":"⌛ Validating pepita.wlk","timeElapsed":606,"timestamp":"2026-08-17T13:43:46.720Z"}
{"level":"info","message":"⌛ Validating pepita.wlk","timeElapsed":320,"timestamp":"2026-08-17T13:43:47.044Z"}
{"level":"info","message":"⌛ Validating pepita.wlk","timeElapsed":275,"timestamp":"2026-08-17T13:43:47.323Z"}
{"level":"info","message":"⌛ Validating pepita.wlk","timeElapsed":275,"timestamp":"2026-08-17T13:43:47.605Z"}
{"level":"info","message":"⌛ Validating pepita.wlk","timeElapsed":268,"timestamp":"2026-08-17T13:43:47.880Z"}
{"level":"info","message":"⌛ Validating pepita.wlk","timeElapsed":336,"timestamp":"2026-08-17T13:43:48.219Z"}
{"level":"info","message":"⌛ Validating pepita.wlk","timeElapsed":386,"timestamp":"2026-08-17T13:43:48.614Z"}
{"level":"info","message":"⌛ Validating pepita.wlk","timeElapsed":1569,"timestamp":"2026-08-17T13:43:50.420Z"}
{"level":"info","message":"⌛ Validating pepita.wlk","timeElapsed":672,"timestamp":"2026-08-17T13:43:51.102Z"}
{"level":"info","message":"⌛ Validating pepita.wlk","timeElapsed":439,"timestamp":"2026-08-17T13:43:51.563Z"}
{"level":"info","message":"⌛ Validating pepita.wlk","timeElapsed":422,"timestamp":"2026-08-17T13:43:51.996Z"}
{"level":"info","message":"⌛ Validating pepita.wlk","timeElapsed":555,"timestamp":"2026-08-17T13:43:52.555Z"}
{"level":"info","message":"⌛ Validating pepita.wlk","timeElapsed":601,"timestamp":"2026-08-17T13:43:53.184Z"}
{"level":"info","message":"⌛ Validating pepita.wlk","timeElapsed":516,"timestamp":"2026-08-17T13:43:53.704Z"}
{"level":"info","message":"⌛ Validating pepita.wlk","timeElapsed":433,"timestamp":"2026-08-17T13:43:54.144Z"}
{"level":"info","message":"⌛ Validating pepita.wlk","timeElapsed":451,"timestamp":"2026-08-17T13:43:54.602Z"}
{"level":"info","message":"⌛ Validating pepita.wlk","timeElapsed":460,"timestamp":"2026-08-17T13:43:55.066Z"}
{"level":"info","message":"⌛ Validating pepita.wlk","timeElapsed":691,"timestamp":"2026-08-17T13:43:55.761Z"}
{"level":"info","message":"⌛ Validating pepita.wlk","timeElapsed":334,"timestamp":"2026-08-17T13:43:56.098Z"}
{"level":"info","message":"⌛ Validating pepita.wlk","timeElapsed":288,"timestamp":"2026-08-17T13:43:56.389Z"}
{"level":"info","message":"⌛ Validating pepita.wlk","timeElapsed":1041,"timestamp":"2026-08-17T13:43:57.466Z"}
{"level":"info","message":"⌛ Validating pepita.wlk","timeElapsed":349,"timestamp":"2026-08-17T13:43:57.819Z"}
{"level":"info","message":"⌛ Validating pepita.wlk","timeElapsed":388,"timestamp":"2026-08-17T13:43:58.211Z"}
{"level":"info","message":"⌛ Validating pepita.wlk","timeElapsed":338,"timestamp":"2026-08-17T13:43:58.553Z"}
{"level":"info","message":"⌛ Validating pepita.wlk","timeElapsed":313,"timestamp":"2026-08-17T13:43:58.870Z"}
{"level":"info","message":"⌛ Validating pepita.wlk","timeElapsed":313,"timestamp":"2026-08-17T13:43:59.187Z"}
{"level":"info","message":"⌛ Validating pepita.wlk","timeElapsed":309,"timestamp":"2026-08-17T13:43:59.503Z"}
{"level":"info","message":"⌛ Validating pepita.wlk","timeElapsed":366,"timestamp":"2026-08-17T13:43:59.877Z"}
{"level":"info","message":"⌛ Validating pepita.wlk","timeElapsed":280,"timestamp":"2026-08-17T13:44:00.162Z"}
{"level":"info","message":"⌛ Validating pepita.wlk","timeElapsed":368,"timestamp":"2026-08-17T13:44:00.532Z"}
{"level":"info","message":"⌛ Validating pepita.wlk","timeElapsed":283,"timestamp":"2026-08-17T13:44:00.820Z"}
{"level":"info","message":"⌛ Validating pepita.wlk","timeElapsed":343,"timestamp":"2026-08-17T13:44:01.169Z"}
{"level":"info","message":"⌛ Validating pepita.wlk","timeElapsed":303,"timestamp":"2026-08-17T13:44:01.483Z"}
{"level":"info","message":"⌛ Validating pepita.wlk","timeElapsed":275,"timestamp":"2026-08-17T13:44:01.761Z"}
{"level":"info","message":"⌛ Validating pepita.wlk","timeElapsed":377,"timestamp":"2026-08-17T13:44:02.143Z"}
{"level":"info","message":"⌛ Validating pepita.wlk","timeElapsed":407,"timestamp":"2026-08-17T13:44:02.555Z"}
{"level":"info","message":"⌛ Validating pepita.wlk","timeElapsed":299,"timestamp":"2026-08-17T13:44:02.858Z"}
{"level":"info","message":"⌛ Validating pepita.wlk","timeElapsed":238,"timestamp":"2026-08-17T13:44:03.099Z"}
{"level":"info","message":"⌛ Validating pepita.wlk","timeElapsed":214,"timestamp":"2026-08-17T13:44:03.317Z"}
{"level":"info","message":"⌛ Validating pepita.wlk","timeElapsed":200,"timestamp":"2026-08-17T13:44:03.521Z"}
{"level":"info","message":"⌛ Validating pepita.wlk","timeElapsed":225,"timestamp":"2026-08-17T13:44:03.749Z"}
{"level":"info","message":"⌛ Validating pepita.wlk","timeElapsed":212,"timestamp":"2026-08-17T13:44:03.966Z"}
{"level":"info","message":"⌛ Validating pepita.wlk","timeElapsed":232,"timestamp":"2026-08-17T13:44:04.202Z"}
{"level":"info","message":"⌛ Validating pepita.wlk","timeElapsed":270,"timestamp":"2026-08-17T13:44:04.476Z"}
{"level":"info","message":"⌛ Validating pepita.wlk","timeElapsed":253,"timestamp":"2026-08-17T13:44:04.791Z"}
{"level":"info","message":"⌛ Validating pepita.wlk","timeElapsed":335,"timestamp":"2026-08-17T13:44:05.130Z"}
{"level":"info","message":"⌛ Validating pepita.wlk","timeElapsed":452,"timestamp":"2026-08-17T13:44:05.585Z"}
{"level":"info","message":"⌛ Validating pepita.wlk","timeElapsed":299,"timestamp":"2026-08-17T13:44:05.888Z"}
{"level":"info","message":"⌛ Validating pepita.wlk","timeElapsed":240,"timestamp":"2026-08-17T13:44:06.134Z"}
{"level":"info","message":"⌛ Building environment","timeElapsed":612,"timestamp":"2026-08-17T14:11:39.825Z"}
{"level":"info","message":"⌛ Validating pepita.wlk","timeElapsed":383,"timestamp":"2026-08-17T14:11:40.316Z"}
{"level":"info","message":"⌛ Building environment","timeElapsed":500,"timestamp":"2026-08-17T14:13:18.168Z"}
{"level":"info","message":"⌛ Validating pepita.wlk","timeElapsed":1635,"timestamp":"2026-08-17T14:13:19.816Z"}
{"level":"info","message":"⌛ Building environment","timeElapsed":5508,"timestamp":"2026-08-17T14:39:33.833Z"}
{"level":"info","message":"⌛ Validating pepita.wlk","timeElapsed":2544,"timestamp":"2026-08-17T14:39:36.463Z"}
